"/usr/share/icons/hicolor/128x128/apps/freeship.png"
"/usr/share/icons/hicolor/96x96/apps/freeship.png"
"/usr/share/icons/hicolor/64x64/apps/freeship.png"
"/usr/share/icons/hicolor/16x16/apps/freeship.png"
"/usr/share/icons/hicolor/scalable/apps/freeship.svg"
"/usr/share/icons/hicolor/48x48/apps/freeship.png"
"/usr/share/icons/hicolor/32x32/apps/freeship.png"
"/usr/share/icons/hicolor/24x24/apps/freeship.png"
"/usr/share/FreeShip/install/application.freeship-model-fbm.xml"
"/usr/share/FreeShip/install/application.freeship-model-ftm.xml"
"/usr/share/FreeShip/install/Engineering.directory"
"/usr/share/FreeShip/install/freeship.desktop"
"/usr/share/FreeShip/Manuals/ReadMe1st.txt"
"/usr/share/FreeShip/Manuals/Ukrainian.pdf"
"/usr/share/FreeShip/Manuals/Russian.pdf"
"/usr/share/FreeShip/Manuals/Spanish.pdf"
"/usr/share/FreeShip/Manuals/Vietnamese.pdf"
"/usr/share/FreeShip/Manuals/Francais.pdf"
"/usr/share/FreeShip/Manuals/English.pdf"
"/usr/share/FreeShip/Ships/test.zip"
"/usr/share/FreeShip/Ships/board.Bak"
"/usr/share/FreeShip/Ships/Fly-10f-m.stl"
"/usr/share/FreeShip/Ships/Fly-10f-s.Bak"
"/usr/share/FreeShip/Ships/Tug 25m_modT+parus-mm.Bak"
"/usr/share/FreeShip/Ships/Ferries+deck.fbm"
"/usr/share/FreeShip/Ships/5415_Tc=5+deck.fbm"
"/usr/share/FreeShip/Ships/FromFastship/Workboat.fbm"
"/usr/share/FreeShip/Ships/FromFastship/cont.WRL"
"/usr/share/FreeShip/Ships/FromFastship/Auxiliary.WRL"
"/usr/share/FreeShip/Ships/FromFastship/vlcc300k.WRL"
"/usr/share/FreeShip/Ships/FromFastship/50dragger.WRL"
"/usr/share/FreeShip/Ships/FromFastship/Auxiliary.fbm"
"/usr/share/FreeShip/Ships/FromFastship/OUT.GEO"
"/usr/share/FreeShip/Ships/FromFastship/Workboat.WRL"
"/usr/share/FreeShip/Ships/FromFastship/35mtug.WRL"
"/usr/share/FreeShip/Ships/FromFastship/Ferries.WRL"
"/usr/share/FreeShip/Ships/FromFastship/vlcc300k.fbm"
"/usr/share/FreeShip/Ships/FromFastship/50dragger.fbm"
"/usr/share/FreeShip/Ships/FromFastship/27mpatrol.fbm"
"/usr/share/FreeShip/Ships/FromFastship/70ktanker.fbm"
"/usr/share/FreeShip/Ships/FromFastship/cont2.WRL"
"/usr/share/FreeShip/Ships/FromFastship/27mpatrol.WRL"
"/usr/share/FreeShip/Ships/FromFastship/containerships2.WRL"
"/usr/share/FreeShip/Ships/FromFastship/35mtug_LB.fbm"
"/usr/share/FreeShip/Ships/FromFastship/70ktanker.WRL"
"/usr/share/FreeShip/Ships/FromFastship/Ferries.fbm"
"/usr/share/FreeShip/Ships/FromFastship/35mtug.fbm"
"/usr/share/FreeShip/Ships/Tug 25m_modT+parus-mm.ftm"
"/usr/share/FreeShip/Ships/ellipsoid321.fbm"
"/usr/share/FreeShip/Ships/board.fbm"
"/usr/share/FreeShip/Ships/Tug 25m_modT+parus.fbm"
"/usr/share/FreeShip/Ships/Fly-8f.Bak"
"/usr/share/FreeShip/Ships/Tug 25m_modT+parus-mm-2.ftm"
"/usr/share/FreeShip/Ships/Fly-10f-m-2.Bak"
"/usr/share/FreeShip/Ships/Fly-10f-m.fef"
"/usr/share/FreeShip/Ships/Yacht_heel=20+keel.fbm"
"/usr/share/FreeShip/Ships/From multisurf/Dragger1.WRL"
"/usr/share/FreeShip/Ships/Tug 25m_modT+parus.Bak"
"/usr/share/FreeShip/Ships/5415_Tc=5+deck symm.fbm"
"/usr/share/FreeShip/Ships/Fly-10f-m.obj"
"/usr/share/FreeShip/Ships/test-01.PAM"
"/usr/share/FreeShip/Ships/Fly-chined.fbm"
"/usr/share/FreeShip/Ships/Fly-10f-m.GF"
"/usr/share/FreeShip/Ships/Fly-8f-njpg.fbm"
"/usr/share/FreeShip/Ships/Fly-10f-m.dxf"
"/usr/share/FreeShip/Ships/Parent 22_Oort.fbm"
"/usr/share/FreeShip/Ships/board.ftm"
"/usr/share/FreeShip/Ships/Tug 25m_modT+parus-mm.fbm"
"/usr/share/FreeShip/Ships/Fly-10f-m-arch.app"
"/usr/share/FreeShip/Ships/730.fbm"
"/usr/share/FreeShip/Ships/Fly-10f-m.txt"
"/usr/share/FreeShip/Ships/Database/Motorboat.fbm"
"/usr/share/FreeShip/Ships/Database/FREE!ship demo 2_+deck.fbm"
"/usr/share/FreeShip/Ships/Database/FREE!ship demo 3_H&O_84.fbm"
"/usr/share/FreeShip/Ships/Database/FREE!ship demo 4+deck.fbm"
"/usr/share/FreeShip/Ships/Database/FREE!ship demo 3+RVRSdemo.fbm"
"/usr/share/FreeShip/Ships/Database/FREE!ship demo 3.fbm"
"/usr/share/FreeShip/Ships/Database/FREE!ship demo 7opt.fbm"
"/usr/share/FreeShip/Ships/Database/FREE!ship demo 2_H.fbm"
"/usr/share/FreeShip/Ships/Database/FREE!ship demo 2_.fbm"
"/usr/share/FreeShip/Ships/Database/FREE!ship demo 3+Hollenbach.fbm"
"/usr/share/FreeShip/Ships/Database/FREE!ship demo 3_H&O.fbm"
"/usr/share/FreeShip/Ships/Database/FREE!ship demo 3+deck+gruz_man.fbm"
"/usr/share/FreeShip/Ships/Database/OUT.GEO"
"/usr/share/FreeShip/Ships/Database/Motorboat_imp.fbm"
"/usr/share/FreeShip/Ships/Database/Motorboat4.fbm"
"/usr/share/FreeShip/Ships/Database/FREE!ship demo 3+deck+gruz+Zg.fbm"
"/usr/share/FreeShip/Ships/Database/FREE!ship demo 3+deck+heel30.fbm"
"/usr/share/FreeShip/Ships/Database/FREE!ship demo 1.fbm"
"/usr/share/FreeShip/Ships/Database/Motorboat16t.fbm"
"/usr/share/FreeShip/Ships/Database/Parent 22_Oort.fbm"
"/usr/share/FreeShip/Ships/Database/FREE!ship demo 4.fbm"
"/usr/share/FreeShip/Ships/Database/FREE!ship demo 3+deck+gruz_man_symm.fbm"
"/usr/share/FreeShip/Ships/Database/FREE!ship demo 8.fbm"
"/usr/share/FreeShip/Ships/Database/FREE!ship demo 3+deck_RVRSdemo.fbm"
"/usr/share/FreeShip/Ships/Database/FREE!ship demo 7+kil.fbm"
"/usr/share/FreeShip/Ships/Database/FREE!ship demo 4_RvrsDemo.fbm"
"/usr/share/FreeShip/Ships/Database/Savitsky_imperial.fbm"
"/usr/share/FreeShip/Ships/Database/Motorboat2.fbm"
"/usr/share/FreeShip/Ships/Database/FREE!ship demo 5_.fbm"
"/usr/share/FreeShip/Ships/Database/FREE!ship demo 3+deck+gruz.fbm"
"/usr/share/FreeShip/Ships/Database/FREE!ship demo 3+deck.fbm"
"/usr/share/FreeShip/Ships/Database/FREE!ship demo 7+back.fbm"
"/usr/share/FreeShip/Ships/Database/FREE!ship demo 2.fbm"
"/usr/share/FreeShip/Ships/Database/FREE!ship demo 7.fbm"
"/usr/share/FreeShip/Ships/Database/FREE!ship demo tug.fbm"
"/usr/share/FreeShip/Ships/Database/FREE!ship demo 5_1.fbm"
"/usr/share/FreeShip/Ships/Database/FREE!ship demo 5.fbm"
"/usr/share/FreeShip/Ships/Database/Motorboat+deck.fbm"
"/usr/share/FreeShip/Ships/Database/FREE!ship demo 3_.fbm"
"/usr/share/FreeShip/Ships/Database/Motorboat_6,75tonnes.fbm"
"/usr/share/FreeShip/Ships/Database/FREE!ship demo 6.fbm"
"/usr/share/FreeShip/Ships/Database/FREE!ship demo 3_H&O&Hollen&F_L.fbm"
"/usr/share/FreeShip/Ships/Database/Savitsky_metric.fbm"
"/usr/share/FreeShip/Ships/Database/Motorboat3.fbm"
"/usr/share/FreeShip/Ships/Database/FREE!ship demo 8_.fbm"
"/usr/share/FreeShip/Ships/Database/FREE!ship demo 1_weght.fbm"
"/usr/share/FreeShip/Ships/Database/Motorboat3_2tonnes.fbm"
"/usr/share/FreeShip/Ships/Database/FREE!ship demo 6_.fbm"
"/usr/share/FreeShip/Ships/Fly-chined-10f.fbm"
"/usr/share/FreeShip/Ships/Fly-8f.fbm"
"/usr/share/FreeShip/Ships/5415_Tc=5+deck symm 30.fbm"
"/usr/share/FreeShip/Ships/Fly-10f-m-coord.txt"
"/usr/share/FreeShip/Ships/Parts/FREE!ship demo 3+deck+gruz_man.part"
"/usr/share/FreeShip/Ships/Parts/FREE!ship demo 3.part"
"/usr/share/FreeShip/Ships/Parts/1.part"
"/usr/share/FreeShip/Ships/Parts/2.part"
"/usr/share/FreeShip/Ships/Fly-10f-m.app"
"/usr/share/FreeShip/Ships/Fly-10f-m.Bak"
"/usr/share/FreeShip/Ships/Fly-10f-m.igs"
"/usr/share/FreeShip/Ships/test-01.Bak"
"/usr/share/FreeShip/Ships/pdock+weght_symm.fbm"
"/usr/share/FreeShip/Ships/FromRhino/Planing ship.wrl"
"/usr/share/FreeShip/Ships/FromRhino/Sailboat.wrl"
"/usr/share/FreeShip/Ships/FromRhino/BigTanker.fbm"
"/usr/share/FreeShip/Ships/FromRhino/Containership2.wrl"
"/usr/share/FreeShip/Ships/FromRhino/Planing ship 2.wrl"
"/usr/share/FreeShip/Ships/FromRhino/Tanker-300000.wrl"
"/usr/share/FreeShip/Ships/FromRhino/Tugboat 35m.wrl"
"/usr/share/FreeShip/Ships/FromRhino/Fast ferry.wrl"
"/usr/share/FreeShip/Ships/FromRhino/Containership.wrl"
"/usr/share/FreeShip/Ships/FromRhino/Planing ship 3.wrl"
"/usr/share/FreeShip/Ships/FromRhino/Tanker-70000.wrl"
"/usr/share/FreeShip/Ships/FromRhino/Workboat 70m.wrl"
"/usr/share/FreeShip/Ships/FromRhino/Planing ship 4.wrl"
"/usr/share/FreeShip/Ships/FromRhino/RacingCatamaran.wrl"
"/usr/share/FreeShip/Ships/FromRhino/Containership.fbm"
"/usr/share/FreeShip/Ships/FromRhino/Fishing boat50ft.wrl"
"/usr/share/FreeShip/Ships/FromRhino/RESIST.dat"
"/usr/share/FreeShip/Ships/FromRhino/Sailboat_30ft.wrl"
"/usr/share/FreeShip/Ships/FromRhino/RESISTp.dat"
"/usr/share/FreeShip/Ships/FromRhino/Tugboat 35m.fbm"
"/usr/share/FreeShip/Ships/FromRhino/Containership_2.fbm"
"/usr/share/FreeShip/Ships/FromRhino/Workboat 70m.fbm"
"/usr/share/FreeShip/Ships/FromRhino/Containership1.wrl"
"/usr/share/FreeShip/Ships/FromRhino/Ship Forebody.wrl"
"/usr/share/FreeShip/Ships/FromRhino/BigTanker.wrl"
"/usr/share/FreeShip/Ships/FromRhino/Containership-130m.fbm"
"/usr/share/FreeShip/Ships/FromRhino/RacingCatamaran.fbm"
"/usr/share/FreeShip/Ships/FromRhino/Patrolboat.wrl"
"/usr/share/FreeShip/Ships/FromRhino/NavalAuxiliary.wrl"
"/usr/share/FreeShip/Ships/FromRhino/Containership-150m.fbm"
"/usr/share/FreeShip/Ships/Part/V11A_Prop_Blade.part"
"/usr/share/FreeShip/Ships/Part/30mm_Hub.part"
"/usr/share/FreeShip/Ships/Part/М-183-70-сидящий.part"
"/usr/share/FreeShip/Ships/Part/man183_70.part"
"/usr/share/FreeShip/Ships/Part/Man Standing.part"
"/usr/share/FreeShip/Ships/Part/Man183-70.part"
"/usr/share/FreeShip/Ships/Part/Man Sitting.part"
"/usr/share/FreeShip/Ships/Part/Fly-10f-m.part"
"/usr/share/FreeShip/Ships/Part/outboardEngine.part"
"/usr/share/FreeShip/Ships/Fly-10f.Bak"
"/usr/share/FreeShip/Ships/Fly-8f-2.Bak"
"/usr/share/FreeShip/Ships/Tug 25m_modT+parus_symm5.fbm"
"/usr/share/FreeShip/Ships/Loyalist+60-2-3+mod.fbm"
"/usr/share/FreeShip/Ships/test-01.fbm"
"/usr/share/FreeShip/Ships/Fly-8f-2.fbm"
"/usr/share/FreeShip/Languages/windows/Norsk(forbedringer behшves).ini"
"/usr/share/FreeShip/Languages/windows/Francais.ini"
"/usr/share/FreeShip/Languages/windows/Suomi.ini"
"/usr/share/FreeShip/Languages/windows/Vietnamese.ini"
"/usr/share/FreeShip/Languages/windows/Russian.ini"
"/usr/share/FreeShip/Languages/windows/Czech.ini"
"/usr/share/FreeShip/Languages/windows/Spanish.ini"
"/usr/share/FreeShip/Languages/windows/Deutsch.ini"
"/usr/share/FreeShip/Languages/windows/Nederlands.ini"
"/usr/share/FreeShip/Languages/windows/Chinese.ini"
"/usr/share/FreeShip/Languages/windows/English.ini"
"/usr/share/FreeShip/Languages/windows/Italiano.ini"
"/usr/share/FreeShip/Languages/windows/Ukrainian.ini"
"/usr/share/FreeShip/Languages/Norsk(forbedringer behшves).ini"
"/usr/share/FreeShip/Languages/Francais.ini"
"/usr/share/FreeShip/Languages/Suomi.ini"
"/usr/share/FreeShip/Languages/Vietnamese.ini"
"/usr/share/FreeShip/Languages/Russian.ini"
"/usr/share/FreeShip/Languages/Czech.ini"
"/usr/share/FreeShip/Languages/Spanish.ini"
"/usr/share/FreeShip/Languages/Deutsch.ini"
"/usr/share/FreeShip/Languages/Nederlands.ini"
"/usr/share/FreeShip/Languages/Chinese.ini"
"/usr/share/FreeShip/Languages/English.ini"
"/usr/share/FreeShip/Languages/Italiano.ini"
"/usr/share/FreeShip/Languages/Ukrainian.ini"
"/usr/share/FreeShip/Themes/Original/icons/16/ShowDiagonals.png"
"/usr/share/FreeShip/Themes/Original/icons/16/NewWindow.png"
"/usr/share/FreeShip/Themes/Original/icons/16/ShowControlNet.png"
"/usr/share/FreeShip/Themes/Original/icons/16/ShowLinesplan.png"
"/usr/share/FreeShip/Themes/Original/icons/16/NewCurve.png"
"/usr/share/FreeShip/Themes/Original/icons/16/PointsLock.png"
"/usr/share/FreeShip/Themes/Original/icons/16/ImportPolyCad.png"
"/usr/share/FreeShip/Themes/Original/icons/16/ExportDXF2DPolylines.png"
"/usr/share/FreeShip/Themes/Original/icons/16/LoadFile.png"
"/usr/share/FreeShip/Themes/Original/icons/16/ShowNormals.png"
"/usr/share/FreeShip/Themes/Original/icons/16/ShowWaterlines.png"
"/usr/share/FreeShip/Themes/Original/icons/16/ExportGHS.png"
"/usr/share/FreeShip/Themes/Original/icons/16/ShowControlCurves.png"
"/usr/share/FreeShip/Themes/Original/icons/16/NewEdge.png"
"/usr/share/FreeShip/Themes/Original/icons/16/ImportMarkers.png"
"/usr/share/FreeShip/Themes/Original/icons/16/InsertPlane.png"
"/usr/share/FreeShip/Themes/Original/icons/16/PointsUnlockAll.png"
"/usr/share/FreeShip/Themes/Original/icons/16/ShowHydrostatics.png"
"/usr/share/FreeShip/Themes/Original/icons/16/ActiveLayerColor.png"
"/usr/share/FreeShip/Themes/Original/icons/16/LayerIntersection.png"
"/usr/share/FreeShip/Themes/Original/icons/16/ShowFlowlines.png"
"/usr/share/FreeShip/Themes/Original/icons/16/CascadeWindow.png"
"/usr/share/FreeShip/Themes/Original/icons/16/ExitProgram.png"
"/usr/share/FreeShip/Themes/Original/icons/16/IntersectionDialog.png"
"/usr/share/FreeShip/Themes/Original/icons/16/KeelRudderWizard.png"
"/usr/share/FreeShip/Themes/Original/icons/16/ShowButtocks.png"
"/usr/share/FreeShip/Themes/Original/icons/16/LayerAutoGroup.png"
"/usr/share/FreeShip/Themes/Original/icons/16/ExportDXF3DPolylines.png"
"/usr/share/FreeShip/Themes/Original/icons/16/DeleteMarkers.png"
"/usr/share/FreeShip/Themes/Original/icons/16/TileWindow.png"
"/usr/share/FreeShip/Themes/Original/icons/16/NewFace.png"
"/usr/share/FreeShip/Themes/Original/icons/16/EdgeSplit.png"
"/usr/share/FreeShip/Themes/Original/icons/16/BothSides.png"
"/usr/share/FreeShip/Themes/Original/icons/16/FileSave.png"
"/usr/share/FreeShip/Themes/Original/icons/16/EdgeExtrude.png"
"/usr/share/FreeShip/Themes/Original/icons/16/PointAlign.png"
"/usr/share/FreeShip/Themes/Original/icons/16/FileSaveas.png"
"/usr/share/FreeShip/Themes/Original/icons/16/ImportHullFile.png"
"/usr/share/FreeShip/Themes/Original/icons/16/PointCollapse.png"
"/usr/share/FreeShip/Themes/Original/icons/16/ImportMichletWaves.png"
"/usr/share/FreeShip/Themes/Original/icons/16/ShowStations.png"
"/usr/share/FreeShip/Themes/Original/icons/16/LayerDialog.png"
"/usr/share/FreeShip/Themes/Original/icons/16/ShowInteriorEdges.png"
"/usr/share/FreeShip/Themes/Original/icons/16/InvertFace.png"
"/usr/share/FreeShip/Themes/Original/icons/16/EdgeCrease.png"
"/usr/share/FreeShip/Themes/Original/icons/16/ShowGrid.png"
"/usr/share/FreeShip/Themes/Original/icons/16/Delete.png"
"/usr/share/FreeShip/Themes/Original/icons/16/PointsUnlock.png"
"/usr/share/FreeShip/Themes/Original/icons/16/NewLayer.png"
"/usr/share/FreeShip/Themes/Original/icons/16/ImportCarene.png"
"/usr/share/FreeShip/Themes/Original/icons/16/Showcurvature.png"
"/usr/share/FreeShip/Themes/Original/icons/16/ExportArchimedes.png"
"/usr/share/FreeShip/Themes/Original/icons/16/ShowMarkers.png"
"/usr/share/FreeShip/Themes/Original/icons/16/DeleteEmptyLayers.png"
"/usr/share/FreeShip/Themes/Original/icons/16/EdgeCollapse.png"
"/usr/share/FreeShip/Themes/Original/icons/16/ExportDXFFaces.png"
"/usr/share/FreeShip/Themes/Original/icons/16/ExportMichlet.png"
"/usr/share/FreeShip/Themes/Original/icons/16/NewModel.png"
"/usr/share/FreeShip/Themes/Original/icons/96/ShowDiagonals.png"
"/usr/share/FreeShip/Themes/Original/icons/96/NewWindow.png"
"/usr/share/FreeShip/Themes/Original/icons/96/ShowControlNet.png"
"/usr/share/FreeShip/Themes/Original/icons/96/ShowLinesplan.png"
"/usr/share/FreeShip/Themes/Original/icons/96/NewCurve.png"
"/usr/share/FreeShip/Themes/Original/icons/96/PointsLock.png"
"/usr/share/FreeShip/Themes/Original/icons/96/ImportPolyCad.png"
"/usr/share/FreeShip/Themes/Original/icons/96/ExportDXF2DPolylines.png"
"/usr/share/FreeShip/Themes/Original/icons/96/LoadFile.png"
"/usr/share/FreeShip/Themes/Original/icons/96/ShowNormals.png"
"/usr/share/FreeShip/Themes/Original/icons/96/ShowWaterlines.png"
"/usr/share/FreeShip/Themes/Original/icons/96/ExportGHS.png"
"/usr/share/FreeShip/Themes/Original/icons/96/ShowControlCurves.png"
"/usr/share/FreeShip/Themes/Original/icons/96/NewEdge.png"
"/usr/share/FreeShip/Themes/Original/icons/96/ImportMarkers.png"
"/usr/share/FreeShip/Themes/Original/icons/96/InsertPlane.png"
"/usr/share/FreeShip/Themes/Original/icons/96/PointsUnlockAll.png"
"/usr/share/FreeShip/Themes/Original/icons/96/ShowHydrostatics.png"
"/usr/share/FreeShip/Themes/Original/icons/96/ActiveLayerColor.png"
"/usr/share/FreeShip/Themes/Original/icons/96/LayerIntersection.png"
"/usr/share/FreeShip/Themes/Original/icons/96/ShowFlowlines.png"
"/usr/share/FreeShip/Themes/Original/icons/96/CascadeWindow.png"
"/usr/share/FreeShip/Themes/Original/icons/96/ExitProgram.png"
"/usr/share/FreeShip/Themes/Original/icons/96/IntersectionDialog.png"
"/usr/share/FreeShip/Themes/Original/icons/96/KeelRudderWizard.png"
"/usr/share/FreeShip/Themes/Original/icons/96/ShowButtocks.png"
"/usr/share/FreeShip/Themes/Original/icons/96/LayerAutoGroup.png"
"/usr/share/FreeShip/Themes/Original/icons/96/ExportDXF3DPolylines.png"
"/usr/share/FreeShip/Themes/Original/icons/96/DeleteMarkers.png"
"/usr/share/FreeShip/Themes/Original/icons/96/TileWindow.png"
"/usr/share/FreeShip/Themes/Original/icons/96/NewFace.png"
"/usr/share/FreeShip/Themes/Original/icons/96/EdgeSplit.png"
"/usr/share/FreeShip/Themes/Original/icons/96/BothSides.png"
"/usr/share/FreeShip/Themes/Original/icons/96/FileSave.png"
"/usr/share/FreeShip/Themes/Original/icons/96/EdgeExtrude.png"
"/usr/share/FreeShip/Themes/Original/icons/96/PointAlign.png"
"/usr/share/FreeShip/Themes/Original/icons/96/FileSaveas.png"
"/usr/share/FreeShip/Themes/Original/icons/96/ImportHullFile.png"
"/usr/share/FreeShip/Themes/Original/icons/96/PointCollapse.png"
"/usr/share/FreeShip/Themes/Original/icons/96/ImportMichletWaves.png"
"/usr/share/FreeShip/Themes/Original/icons/96/ShowStations.png"
"/usr/share/FreeShip/Themes/Original/icons/96/LayerDialog.png"
"/usr/share/FreeShip/Themes/Original/icons/96/ShowInteriorEdges.png"
"/usr/share/FreeShip/Themes/Original/icons/96/InvertFace.png"
"/usr/share/FreeShip/Themes/Original/icons/96/EdgeCrease.png"
"/usr/share/FreeShip/Themes/Original/icons/96/ShowGrid.png"
"/usr/share/FreeShip/Themes/Original/icons/96/Delete.png"
"/usr/share/FreeShip/Themes/Original/icons/96/PointsUnlock.png"
"/usr/share/FreeShip/Themes/Original/icons/96/NewLayer.png"
"/usr/share/FreeShip/Themes/Original/icons/96/ImportCarene.png"
"/usr/share/FreeShip/Themes/Original/icons/96/Showcurvature.png"
"/usr/share/FreeShip/Themes/Original/icons/96/ExportArchimedes.png"
"/usr/share/FreeShip/Themes/Original/icons/96/ShowMarkers.png"
"/usr/share/FreeShip/Themes/Original/icons/96/DeleteEmptyLayers.png"
"/usr/share/FreeShip/Themes/Original/icons/96/EdgeCollapse.png"
"/usr/share/FreeShip/Themes/Original/icons/96/ExportDXFFaces.png"
"/usr/share/FreeShip/Themes/Original/icons/96/ExportMichlet.png"
"/usr/share/FreeShip/Themes/Original/icons/96/NewModel.png"
"/usr/share/FreeShip/Themes/Original/icons/48/ShowDiagonals.png"
"/usr/share/FreeShip/Themes/Original/icons/48/NewWindow.png"
"/usr/share/FreeShip/Themes/Original/icons/48/ShowControlNet.png"
"/usr/share/FreeShip/Themes/Original/icons/48/ShowLinesplan.png"
"/usr/share/FreeShip/Themes/Original/icons/48/NewCurve.png"
"/usr/share/FreeShip/Themes/Original/icons/48/PointsLock.png"
"/usr/share/FreeShip/Themes/Original/icons/48/ImportPolyCad.png"
"/usr/share/FreeShip/Themes/Original/icons/48/ExportDXF2DPolylines.png"
"/usr/share/FreeShip/Themes/Original/icons/48/LoadFile.png"
"/usr/share/FreeShip/Themes/Original/icons/48/ShowNormals.png"
"/usr/share/FreeShip/Themes/Original/icons/48/ShowWaterlines.png"
"/usr/share/FreeShip/Themes/Original/icons/48/ExportGHS.png"
"/usr/share/FreeShip/Themes/Original/icons/48/ShowControlCurves.png"
"/usr/share/FreeShip/Themes/Original/icons/48/NewEdge.png"
"/usr/share/FreeShip/Themes/Original/icons/48/ImportMarkers.png"
"/usr/share/FreeShip/Themes/Original/icons/48/InsertPlane.png"
"/usr/share/FreeShip/Themes/Original/icons/48/PointsUnlockAll.png"
"/usr/share/FreeShip/Themes/Original/icons/48/ShowHydrostatics.png"
"/usr/share/FreeShip/Themes/Original/icons/48/ActiveLayerColor.png"
"/usr/share/FreeShip/Themes/Original/icons/48/LayerIntersection.png"
"/usr/share/FreeShip/Themes/Original/icons/48/ShowFlowlines.png"
"/usr/share/FreeShip/Themes/Original/icons/48/CascadeWindow.png"
"/usr/share/FreeShip/Themes/Original/icons/48/ExitProgram.png"
"/usr/share/FreeShip/Themes/Original/icons/48/IntersectionDialog.png"
"/usr/share/FreeShip/Themes/Original/icons/48/KeelRudderWizard.png"
"/usr/share/FreeShip/Themes/Original/icons/48/ShowButtocks.png"
"/usr/share/FreeShip/Themes/Original/icons/48/LayerAutoGroup.png"
"/usr/share/FreeShip/Themes/Original/icons/48/ExportDXF3DPolylines.png"
"/usr/share/FreeShip/Themes/Original/icons/48/DeleteMarkers.png"
"/usr/share/FreeShip/Themes/Original/icons/48/TileWindow.png"
"/usr/share/FreeShip/Themes/Original/icons/48/NewFace.png"
"/usr/share/FreeShip/Themes/Original/icons/48/EdgeSplit.png"
"/usr/share/FreeShip/Themes/Original/icons/48/BothSides.png"
"/usr/share/FreeShip/Themes/Original/icons/48/FileSave.png"
"/usr/share/FreeShip/Themes/Original/icons/48/EdgeExtrude.png"
"/usr/share/FreeShip/Themes/Original/icons/48/PointAlign.png"
"/usr/share/FreeShip/Themes/Original/icons/48/FileSaveas.png"
"/usr/share/FreeShip/Themes/Original/icons/48/ImportHullFile.png"
"/usr/share/FreeShip/Themes/Original/icons/48/PointCollapse.png"
"/usr/share/FreeShip/Themes/Original/icons/48/ImportMichletWaves.png"
"/usr/share/FreeShip/Themes/Original/icons/48/ShowStations.png"
"/usr/share/FreeShip/Themes/Original/icons/48/LayerDialog.png"
"/usr/share/FreeShip/Themes/Original/icons/48/ShowInteriorEdges.png"
"/usr/share/FreeShip/Themes/Original/icons/48/InvertFace.png"
"/usr/share/FreeShip/Themes/Original/icons/48/EdgeCrease.png"
"/usr/share/FreeShip/Themes/Original/icons/48/ShowGrid.png"
"/usr/share/FreeShip/Themes/Original/icons/48/Delete.png"
"/usr/share/FreeShip/Themes/Original/icons/48/PointsUnlock.png"
"/usr/share/FreeShip/Themes/Original/icons/48/NewLayer.png"
"/usr/share/FreeShip/Themes/Original/icons/48/ImportCarene.png"
"/usr/share/FreeShip/Themes/Original/icons/48/Showcurvature.png"
"/usr/share/FreeShip/Themes/Original/icons/48/ExportArchimedes.png"
"/usr/share/FreeShip/Themes/Original/icons/48/ShowMarkers.png"
"/usr/share/FreeShip/Themes/Original/icons/48/DeleteEmptyLayers.png"
"/usr/share/FreeShip/Themes/Original/icons/48/EdgeCollapse.png"
"/usr/share/FreeShip/Themes/Original/icons/48/ExportDXFFaces.png"
"/usr/share/FreeShip/Themes/Original/icons/48/ExportMichlet.png"
"/usr/share/FreeShip/Themes/Original/icons/48/NewModel.png"
"/usr/share/FreeShip/Themes/Original/icons/32/ShowDiagonals.png"
"/usr/share/FreeShip/Themes/Original/icons/32/NewWindow.png"
"/usr/share/FreeShip/Themes/Original/icons/32/ShowControlNet.png"
"/usr/share/FreeShip/Themes/Original/icons/32/ShowLinesplan.png"
"/usr/share/FreeShip/Themes/Original/icons/32/NewCurve.png"
"/usr/share/FreeShip/Themes/Original/icons/32/PointsLock.png"
"/usr/share/FreeShip/Themes/Original/icons/32/ImportPolyCad.png"
"/usr/share/FreeShip/Themes/Original/icons/32/ExportDXF2DPolylines.png"
"/usr/share/FreeShip/Themes/Original/icons/32/LoadFile.png"
"/usr/share/FreeShip/Themes/Original/icons/32/ShowNormals.png"
"/usr/share/FreeShip/Themes/Original/icons/32/ShowWaterlines.png"
"/usr/share/FreeShip/Themes/Original/icons/32/ExportGHS.png"
"/usr/share/FreeShip/Themes/Original/icons/32/ShowControlCurves.png"
"/usr/share/FreeShip/Themes/Original/icons/32/NewEdge.png"
"/usr/share/FreeShip/Themes/Original/icons/32/ImportMarkers.png"
"/usr/share/FreeShip/Themes/Original/icons/32/InsertPlane.png"
"/usr/share/FreeShip/Themes/Original/icons/32/PointsUnlockAll.png"
"/usr/share/FreeShip/Themes/Original/icons/32/ShowHydrostatics.png"
"/usr/share/FreeShip/Themes/Original/icons/32/ActiveLayerColor.png"
"/usr/share/FreeShip/Themes/Original/icons/32/LayerIntersection.png"
"/usr/share/FreeShip/Themes/Original/icons/32/ShowFlowlines.png"
"/usr/share/FreeShip/Themes/Original/icons/32/CascadeWindow.png"
"/usr/share/FreeShip/Themes/Original/icons/32/ExitProgram.png"
"/usr/share/FreeShip/Themes/Original/icons/32/IntersectionDialog.png"
"/usr/share/FreeShip/Themes/Original/icons/32/KeelRudderWizard.png"
"/usr/share/FreeShip/Themes/Original/icons/32/ShowButtocks.png"
"/usr/share/FreeShip/Themes/Original/icons/32/LayerAutoGroup.png"
"/usr/share/FreeShip/Themes/Original/icons/32/ExportDXF3DPolylines.png"
"/usr/share/FreeShip/Themes/Original/icons/32/DeleteMarkers.png"
"/usr/share/FreeShip/Themes/Original/icons/32/TileWindow.png"
"/usr/share/FreeShip/Themes/Original/icons/32/NewFace.png"
"/usr/share/FreeShip/Themes/Original/icons/32/EdgeSplit.png"
"/usr/share/FreeShip/Themes/Original/icons/32/BothSides.png"
"/usr/share/FreeShip/Themes/Original/icons/32/FileSave.png"
"/usr/share/FreeShip/Themes/Original/icons/32/EdgeExtrude.png"
"/usr/share/FreeShip/Themes/Original/icons/32/PointAlign.png"
"/usr/share/FreeShip/Themes/Original/icons/32/FileSaveas.png"
"/usr/share/FreeShip/Themes/Original/icons/32/ImportHullFile.png"
"/usr/share/FreeShip/Themes/Original/icons/32/PointCollapse.png"
"/usr/share/FreeShip/Themes/Original/icons/32/ImportMichletWaves.png"
"/usr/share/FreeShip/Themes/Original/icons/32/ShowStations.png"
"/usr/share/FreeShip/Themes/Original/icons/32/LayerDialog.png"
"/usr/share/FreeShip/Themes/Original/icons/32/ShowInteriorEdges.png"
"/usr/share/FreeShip/Themes/Original/icons/32/InvertFace.png"
"/usr/share/FreeShip/Themes/Original/icons/32/EdgeCrease.png"
"/usr/share/FreeShip/Themes/Original/icons/32/ShowGrid.png"
"/usr/share/FreeShip/Themes/Original/icons/32/Delete.png"
"/usr/share/FreeShip/Themes/Original/icons/32/PointsUnlock.png"
"/usr/share/FreeShip/Themes/Original/icons/32/NewLayer.png"
"/usr/share/FreeShip/Themes/Original/icons/32/ImportCarene.png"
"/usr/share/FreeShip/Themes/Original/icons/32/Showcurvature.png"
"/usr/share/FreeShip/Themes/Original/icons/32/ExportArchimedes.png"
"/usr/share/FreeShip/Themes/Original/icons/32/ShowMarkers.png"
"/usr/share/FreeShip/Themes/Original/icons/32/DeleteEmptyLayers.png"
"/usr/share/FreeShip/Themes/Original/icons/32/EdgeCollapse.png"
"/usr/share/FreeShip/Themes/Original/icons/32/ExportDXFFaces.png"
"/usr/share/FreeShip/Themes/Original/icons/32/ExportMichlet.png"
"/usr/share/FreeShip/Themes/Original/icons/32/NewModel.png"
"/usr/share/FreeShip/Themes/Original/icons/24/ShowDiagonals.png"
"/usr/share/FreeShip/Themes/Original/icons/24/NewWindow.png"
"/usr/share/FreeShip/Themes/Original/icons/24/ShowControlNet.png"
"/usr/share/FreeShip/Themes/Original/icons/24/ShowLinesplan.png"
"/usr/share/FreeShip/Themes/Original/icons/24/NewCurve.png"
"/usr/share/FreeShip/Themes/Original/icons/24/PointsLock.png"
"/usr/share/FreeShip/Themes/Original/icons/24/ImportPolyCad.png"
"/usr/share/FreeShip/Themes/Original/icons/24/ExportDXF2DPolylines.png"
"/usr/share/FreeShip/Themes/Original/icons/24/LoadFile.png"
"/usr/share/FreeShip/Themes/Original/icons/24/ShowNormals.png"
"/usr/share/FreeShip/Themes/Original/icons/24/ShowWaterlines.png"
"/usr/share/FreeShip/Themes/Original/icons/24/ExportGHS.png"
"/usr/share/FreeShip/Themes/Original/icons/24/ShowControlCurves.png"
"/usr/share/FreeShip/Themes/Original/icons/24/NewEdge.png"
"/usr/share/FreeShip/Themes/Original/icons/24/ImportMarkers.png"
"/usr/share/FreeShip/Themes/Original/icons/24/InsertPlane.png"
"/usr/share/FreeShip/Themes/Original/icons/24/PointsUnlockAll.png"
"/usr/share/FreeShip/Themes/Original/icons/24/ShowHydrostatics.png"
"/usr/share/FreeShip/Themes/Original/icons/24/ActiveLayerColor.png"
"/usr/share/FreeShip/Themes/Original/icons/24/LayerIntersection.png"
"/usr/share/FreeShip/Themes/Original/icons/24/ShowFlowlines.png"
"/usr/share/FreeShip/Themes/Original/icons/24/CascadeWindow.png"
"/usr/share/FreeShip/Themes/Original/icons/24/ExitProgram.png"
"/usr/share/FreeShip/Themes/Original/icons/24/IntersectionDialog.png"
"/usr/share/FreeShip/Themes/Original/icons/24/KeelRudderWizard.png"
"/usr/share/FreeShip/Themes/Original/icons/24/ShowButtocks.png"
"/usr/share/FreeShip/Themes/Original/icons/24/LayerAutoGroup.png"
"/usr/share/FreeShip/Themes/Original/icons/24/ExportDXF3DPolylines.png"
"/usr/share/FreeShip/Themes/Original/icons/24/DeleteMarkers.png"
"/usr/share/FreeShip/Themes/Original/icons/24/TileWindow.png"
"/usr/share/FreeShip/Themes/Original/icons/24/NewFace.png"
"/usr/share/FreeShip/Themes/Original/icons/24/EdgeSplit.png"
"/usr/share/FreeShip/Themes/Original/icons/24/BothSides.png"
"/usr/share/FreeShip/Themes/Original/icons/24/FileSave.png"
"/usr/share/FreeShip/Themes/Original/icons/24/EdgeExtrude.png"
"/usr/share/FreeShip/Themes/Original/icons/24/PointAlign.png"
"/usr/share/FreeShip/Themes/Original/icons/24/FileSaveas.png"
"/usr/share/FreeShip/Themes/Original/icons/24/ImportHullFile.png"
"/usr/share/FreeShip/Themes/Original/icons/24/PointCollapse.png"
"/usr/share/FreeShip/Themes/Original/icons/24/ImportMichletWaves.png"
"/usr/share/FreeShip/Themes/Original/icons/24/ShowStations.png"
"/usr/share/FreeShip/Themes/Original/icons/24/LayerDialog.png"
"/usr/share/FreeShip/Themes/Original/icons/24/ShowInteriorEdges.png"
"/usr/share/FreeShip/Themes/Original/icons/24/InvertFace.png"
"/usr/share/FreeShip/Themes/Original/icons/24/EdgeCrease.png"
"/usr/share/FreeShip/Themes/Original/icons/24/ShowGrid.png"
"/usr/share/FreeShip/Themes/Original/icons/24/Delete.png"
"/usr/share/FreeShip/Themes/Original/icons/24/PointsUnlock.png"
"/usr/share/FreeShip/Themes/Original/icons/24/NewLayer.png"
"/usr/share/FreeShip/Themes/Original/icons/24/ImportCarene.png"
"/usr/share/FreeShip/Themes/Original/icons/24/Showcurvature.png"
"/usr/share/FreeShip/Themes/Original/icons/24/ExportArchimedes.png"
"/usr/share/FreeShip/Themes/Original/icons/24/ShowMarkers.png"
"/usr/share/FreeShip/Themes/Original/icons/24/DeleteEmptyLayers.png"
"/usr/share/FreeShip/Themes/Original/icons/24/EdgeCollapse.png"
"/usr/share/FreeShip/Themes/Original/icons/24/ExportDXFFaces.png"
"/usr/share/FreeShip/Themes/Original/icons/24/ExportMichlet.png"
"/usr/share/FreeShip/Themes/Original/icons/24/NewModel.png"
"/usr/share/FreeShip/Themes/Original/icons/64/ShowDiagonals.png"
"/usr/share/FreeShip/Themes/Original/icons/64/NewWindow.png"
"/usr/share/FreeShip/Themes/Original/icons/64/ShowControlNet.png"
"/usr/share/FreeShip/Themes/Original/icons/64/ShowLinesplan.png"
"/usr/share/FreeShip/Themes/Original/icons/64/NewCurve.png"
"/usr/share/FreeShip/Themes/Original/icons/64/PointsLock.png"
"/usr/share/FreeShip/Themes/Original/icons/64/ImportPolyCad.png"
"/usr/share/FreeShip/Themes/Original/icons/64/ExportDXF2DPolylines.png"
"/usr/share/FreeShip/Themes/Original/icons/64/LoadFile.png"
"/usr/share/FreeShip/Themes/Original/icons/64/ShowNormals.png"
"/usr/share/FreeShip/Themes/Original/icons/64/ShowWaterlines.png"
"/usr/share/FreeShip/Themes/Original/icons/64/ExportGHS.png"
"/usr/share/FreeShip/Themes/Original/icons/64/ShowControlCurves.png"
"/usr/share/FreeShip/Themes/Original/icons/64/NewEdge.png"
"/usr/share/FreeShip/Themes/Original/icons/64/ImportMarkers.png"
"/usr/share/FreeShip/Themes/Original/icons/64/InsertPlane.png"
"/usr/share/FreeShip/Themes/Original/icons/64/PointsUnlockAll.png"
"/usr/share/FreeShip/Themes/Original/icons/64/ShowHydrostatics.png"
"/usr/share/FreeShip/Themes/Original/icons/64/ActiveLayerColor.png"
"/usr/share/FreeShip/Themes/Original/icons/64/LayerIntersection.png"
"/usr/share/FreeShip/Themes/Original/icons/64/ShowFlowlines.png"
"/usr/share/FreeShip/Themes/Original/icons/64/CascadeWindow.png"
"/usr/share/FreeShip/Themes/Original/icons/64/ExitProgram.png"
"/usr/share/FreeShip/Themes/Original/icons/64/IntersectionDialog.png"
"/usr/share/FreeShip/Themes/Original/icons/64/KeelRudderWizard.png"
"/usr/share/FreeShip/Themes/Original/icons/64/ShowButtocks.png"
"/usr/share/FreeShip/Themes/Original/icons/64/LayerAutoGroup.png"
"/usr/share/FreeShip/Themes/Original/icons/64/ExportDXF3DPolylines.png"
"/usr/share/FreeShip/Themes/Original/icons/64/DeleteMarkers.png"
"/usr/share/FreeShip/Themes/Original/icons/64/TileWindow.png"
"/usr/share/FreeShip/Themes/Original/icons/64/NewFace.png"
"/usr/share/FreeShip/Themes/Original/icons/64/EdgeSplit.png"
"/usr/share/FreeShip/Themes/Original/icons/64/BothSides.png"
"/usr/share/FreeShip/Themes/Original/icons/64/FileSave.png"
"/usr/share/FreeShip/Themes/Original/icons/64/EdgeExtrude.png"
"/usr/share/FreeShip/Themes/Original/icons/64/PointAlign.png"
"/usr/share/FreeShip/Themes/Original/icons/64/FileSaveas.png"
"/usr/share/FreeShip/Themes/Original/icons/64/ImportHullFile.png"
"/usr/share/FreeShip/Themes/Original/icons/64/PointCollapse.png"
"/usr/share/FreeShip/Themes/Original/icons/64/ImportMichletWaves.png"
"/usr/share/FreeShip/Themes/Original/icons/64/ShowStations.png"
"/usr/share/FreeShip/Themes/Original/icons/64/LayerDialog.png"
"/usr/share/FreeShip/Themes/Original/icons/64/ShowInteriorEdges.png"
"/usr/share/FreeShip/Themes/Original/icons/64/InvertFace.png"
"/usr/share/FreeShip/Themes/Original/icons/64/EdgeCrease.png"
"/usr/share/FreeShip/Themes/Original/icons/64/ShowGrid.png"
"/usr/share/FreeShip/Themes/Original/icons/64/Delete.png"
"/usr/share/FreeShip/Themes/Original/icons/64/PointsUnlock.png"
"/usr/share/FreeShip/Themes/Original/icons/64/NewLayer.png"
"/usr/share/FreeShip/Themes/Original/icons/64/ImportCarene.png"
"/usr/share/FreeShip/Themes/Original/icons/64/Showcurvature.png"
"/usr/share/FreeShip/Themes/Original/icons/64/ExportArchimedes.png"
"/usr/share/FreeShip/Themes/Original/icons/64/ShowMarkers.png"
"/usr/share/FreeShip/Themes/Original/icons/64/DeleteEmptyLayers.png"
"/usr/share/FreeShip/Themes/Original/icons/64/EdgeCollapse.png"
"/usr/share/FreeShip/Themes/Original/icons/64/ExportDXFFaces.png"
"/usr/share/FreeShip/Themes/Original/icons/64/ExportMichlet.png"
"/usr/share/FreeShip/Themes/Original/icons/64/NewModel.png"
"/usr/share/FreeShip/Themes/Original/icons/128/ShowDiagonals.png"
"/usr/share/FreeShip/Themes/Original/icons/128/NewWindow.png"
"/usr/share/FreeShip/Themes/Original/icons/128/ShowControlNet.png"
"/usr/share/FreeShip/Themes/Original/icons/128/ShowLinesplan.png"
"/usr/share/FreeShip/Themes/Original/icons/128/NewCurve.png"
"/usr/share/FreeShip/Themes/Original/icons/128/PointsLock.png"
"/usr/share/FreeShip/Themes/Original/icons/128/ImportPolyCad.png"
"/usr/share/FreeShip/Themes/Original/icons/128/ExportDXF2DPolylines.png"
"/usr/share/FreeShip/Themes/Original/icons/128/LoadFile.png"
"/usr/share/FreeShip/Themes/Original/icons/128/ShowNormals.png"
"/usr/share/FreeShip/Themes/Original/icons/128/ShowWaterlines.png"
"/usr/share/FreeShip/Themes/Original/icons/128/ExportGHS.png"
"/usr/share/FreeShip/Themes/Original/icons/128/ShowControlCurves.png"
"/usr/share/FreeShip/Themes/Original/icons/128/NewEdge.png"
"/usr/share/FreeShip/Themes/Original/icons/128/ImportMarkers.png"
"/usr/share/FreeShip/Themes/Original/icons/128/InsertPlane.png"
"/usr/share/FreeShip/Themes/Original/icons/128/PointsUnlockAll.png"
"/usr/share/FreeShip/Themes/Original/icons/128/ShowHydrostatics.png"
"/usr/share/FreeShip/Themes/Original/icons/128/ActiveLayerColor.png"
"/usr/share/FreeShip/Themes/Original/icons/128/LayerIntersection.png"
"/usr/share/FreeShip/Themes/Original/icons/128/ShowFlowlines.png"
"/usr/share/FreeShip/Themes/Original/icons/128/CascadeWindow.png"
"/usr/share/FreeShip/Themes/Original/icons/128/ExitProgram.png"
"/usr/share/FreeShip/Themes/Original/icons/128/IntersectionDialog.png"
"/usr/share/FreeShip/Themes/Original/icons/128/KeelRudderWizard.png"
"/usr/share/FreeShip/Themes/Original/icons/128/ShowButtocks.png"
"/usr/share/FreeShip/Themes/Original/icons/128/LayerAutoGroup.png"
"/usr/share/FreeShip/Themes/Original/icons/128/ExportDXF3DPolylines.png"
"/usr/share/FreeShip/Themes/Original/icons/128/DeleteMarkers.png"
"/usr/share/FreeShip/Themes/Original/icons/128/TileWindow.png"
"/usr/share/FreeShip/Themes/Original/icons/128/NewFace.png"
"/usr/share/FreeShip/Themes/Original/icons/128/EdgeSplit.png"
"/usr/share/FreeShip/Themes/Original/icons/128/BothSides.png"
"/usr/share/FreeShip/Themes/Original/icons/128/FileSave.png"
"/usr/share/FreeShip/Themes/Original/icons/128/EdgeExtrude.png"
"/usr/share/FreeShip/Themes/Original/icons/128/PointAlign.png"
"/usr/share/FreeShip/Themes/Original/icons/128/FileSaveas.png"
"/usr/share/FreeShip/Themes/Original/icons/128/ImportHullFile.png"
"/usr/share/FreeShip/Themes/Original/icons/128/PointCollapse.png"
"/usr/share/FreeShip/Themes/Original/icons/128/ImportMichletWaves.png"
"/usr/share/FreeShip/Themes/Original/icons/128/ShowStations.png"
"/usr/share/FreeShip/Themes/Original/icons/128/LayerDialog.png"
"/usr/share/FreeShip/Themes/Original/icons/128/ShowInteriorEdges.png"
"/usr/share/FreeShip/Themes/Original/icons/128/InvertFace.png"
"/usr/share/FreeShip/Themes/Original/icons/128/EdgeCrease.png"
"/usr/share/FreeShip/Themes/Original/icons/128/ShowGrid.png"
"/usr/share/FreeShip/Themes/Original/icons/128/Delete.png"
"/usr/share/FreeShip/Themes/Original/icons/128/PointsUnlock.png"
"/usr/share/FreeShip/Themes/Original/icons/128/NewLayer.png"
"/usr/share/FreeShip/Themes/Original/icons/128/ImportCarene.png"
"/usr/share/FreeShip/Themes/Original/icons/128/Showcurvature.png"
"/usr/share/FreeShip/Themes/Original/icons/128/ExportArchimedes.png"
"/usr/share/FreeShip/Themes/Original/icons/128/ShowMarkers.png"
"/usr/share/FreeShip/Themes/Original/icons/128/DeleteEmptyLayers.png"
"/usr/share/FreeShip/Themes/Original/icons/128/EdgeCollapse.png"
"/usr/share/FreeShip/Themes/Original/icons/128/ExportDXFFaces.png"
"/usr/share/FreeShip/Themes/Original/icons/128/ExportMichlet.png"
"/usr/share/FreeShip/Themes/Original/icons/128/NewModel.png"
"/usr/share/FreeShip/Themes/Original/theme.ini"
"/usr/share/FreeShip/Themes/Default/icons/mkicons-from-svg.sh"
"/usr/share/FreeShip/Themes/Default/icons/preview/sprite_preview_white.png"
"/usr/share/FreeShip/Themes/Default/icons/preview/sprite_preview_dark.png"
"/usr/share/FreeShip/Themes/Default/icons/preview/Icons_sprite_preview_dark.png"
"/usr/share/FreeShip/Themes/Default/icons/preview/Icons_sprite_preview_white.png"
"/usr/share/FreeShip/Themes/Default/icons/16/ShowDiagonals.png"
"/usr/share/FreeShip/Themes/Default/icons/16/NewWindow.png"
"/usr/share/FreeShip/Themes/Default/icons/16/ShowControlNet.png"
"/usr/share/FreeShip/Themes/Default/icons/16/AddRange.png"
"/usr/share/FreeShip/Themes/Default/icons/16/Select.png"
"/usr/share/FreeShip/Themes/Default/icons/16/ShowLinesplan.png"
"/usr/share/FreeShip/Themes/Default/icons/16/NewCurve.png"
"/usr/share/FreeShip/Themes/Default/icons/16/PointsLock.png"
"/usr/share/FreeShip/Themes/Default/icons/16/DeselectAll.png"
"/usr/share/FreeShip/Themes/Default/icons/16/LoadFile.png"
"/usr/share/FreeShip/Themes/Default/icons/16/ShowNormals.png"
"/usr/share/FreeShip/Themes/Default/icons/16/MirrorPlanView.png"
"/usr/share/FreeShip/Themes/Default/icons/16/ShowWaterlines.png"
"/usr/share/FreeShip/Themes/Default/icons/16/ShowControlCurves.png"
"/usr/share/FreeShip/Themes/Default/icons/16/NewEdge.png"
"/usr/share/FreeShip/Themes/Default/icons/16/ExportTextFile.png"
"/usr/share/FreeShip/Themes/Default/icons/16/RotateCW5.png"
"/usr/share/FreeShip/Themes/Default/icons/16/CloseDialog.png"
"/usr/share/FreeShip/Themes/Default/icons/16/00-freeship.png"
"/usr/share/FreeShip/Themes/Default/icons/16/InsertPlane.png"
"/usr/share/FreeShip/Themes/Default/icons/16/PointsUnlockAll.png"
"/usr/share/FreeShip/Themes/Default/icons/16/ShowHydrostatics.png"
"/usr/share/FreeShip/Themes/Default/icons/16/Calculate.png"
"/usr/share/FreeShip/Themes/Default/icons/16/ActiveLayerColor.png"
"/usr/share/FreeShip/Themes/Default/icons/16/LayerIntersection.png"
"/usr/share/FreeShip/Themes/Default/icons/16/ShowFlowlines.png"
"/usr/share/FreeShip/Themes/Default/icons/16/CascadeWindow.png"
"/usr/share/FreeShip/Themes/Default/icons/16/ShowMonochrome.png"
"/usr/share/FreeShip/Themes/Default/icons/16/ExitProgram.png"
"/usr/share/FreeShip/Themes/Default/icons/16/IntersectionDialog.png"
"/usr/share/FreeShip/Themes/Default/icons/16/KeelRudderWizard.png"
"/usr/share/FreeShip/Themes/Default/icons/16/ShowButtocks.png"
"/usr/share/FreeShip/Themes/Default/icons/16/LayerAutoGroup.png"
"/usr/share/FreeShip/Themes/Default/icons/16/ExportDXF.png"
"/usr/share/FreeShip/Themes/Default/icons/16/Print.png"
"/usr/share/FreeShip/Themes/Default/icons/16/ShowFillColor.png"
"/usr/share/FreeShip/Themes/Default/icons/16/ZoomExtents.png"
"/usr/share/FreeShip/Themes/Default/icons/16/DeleteAll.png"
"/usr/share/FreeShip/Themes/Default/icons/16/RotateCCW1.png"
"/usr/share/FreeShip/Themes/Default/icons/16/DeleteMarkers.png"
"/usr/share/FreeShip/Themes/Default/icons/16/TileWindow.png"
"/usr/share/FreeShip/Themes/Default/icons/16/Deselect.png"
"/usr/share/FreeShip/Themes/Default/icons/16/NewFace.png"
"/usr/share/FreeShip/Themes/Default/icons/16/EdgeSplit.png"
"/usr/share/FreeShip/Themes/Default/icons/16/BothSides.png"
"/usr/share/FreeShip/Themes/Default/icons/16/FileSave.png"
"/usr/share/FreeShip/Themes/Default/icons/16/EdgeExtrude.png"
"/usr/share/FreeShip/Themes/Default/icons/16/icon-sprite-16.png"
"/usr/share/FreeShip/Themes/Default/icons/16/ShowSubmergedArea.png"
"/usr/share/FreeShip/Themes/Default/icons/16/RotateCW1.png"
"/usr/share/FreeShip/Themes/Default/icons/16/PointAlign.png"
"/usr/share/FreeShip/Themes/Default/icons/16/RotateCW90.png"
"/usr/share/FreeShip/Themes/Default/icons/16/FileSaveas.png"
"/usr/share/FreeShip/Themes/Default/icons/16/ShowPartName.png"
"/usr/share/FreeShip/Themes/Default/icons/16/PointCollapse.png"
"/usr/share/FreeShip/Themes/Default/icons/16/Redo.png"
"/usr/share/FreeShip/Themes/Default/icons/16/ShowStations.png"
"/usr/share/FreeShip/Themes/Default/icons/16/AddOne.png"
"/usr/share/FreeShip/Themes/Default/icons/16/LayerDialog.png"
"/usr/share/FreeShip/Themes/Default/icons/16/ShowInteriorEdges.png"
"/usr/share/FreeShip/Themes/Default/icons/16/MoveUp.png"
"/usr/share/FreeShip/Themes/Default/icons/16/ShowDimensions.png"
"/usr/share/FreeShip/Themes/Default/icons/16/UseLights.png"
"/usr/share/FreeShip/Themes/Default/icons/16/InvertFace.png"
"/usr/share/FreeShip/Themes/Default/icons/16/EdgeCrease.png"
"/usr/share/FreeShip/Themes/Default/icons/16/ZoomIn.png"
"/usr/share/FreeShip/Themes/Default/icons/16/ShowGrid.png"
"/usr/share/FreeShip/Themes/Default/icons/16/Delete.png"
"/usr/share/FreeShip/Themes/Default/icons/16/PointsUnlock.png"
"/usr/share/FreeShip/Themes/Default/icons/16/NewLayer.png"
"/usr/share/FreeShip/Themes/Default/icons/16/Ok.png"
"/usr/share/FreeShip/Themes/Default/icons/16/Showcurvature.png"
"/usr/share/FreeShip/Themes/Default/icons/16/ZoomOut.png"
"/usr/share/FreeShip/Themes/Default/icons/16/MoveDown.png"
"/usr/share/FreeShip/Themes/Default/icons/16/ShowErrorEdges.png"
"/usr/share/FreeShip/Themes/Default/icons/16/ShowMarkers.png"
"/usr/share/FreeShip/Themes/Default/icons/16/RotateCCW5.png"
"/usr/share/FreeShip/Themes/Default/icons/16/RotateCCW90.png"
"/usr/share/FreeShip/Themes/Default/icons/16/Undo.png"
"/usr/share/FreeShip/Themes/Default/icons/16/SaveBitmap.png"
"/usr/share/FreeShip/Themes/Default/icons/16/DeleteEmptyLayers.png"
"/usr/share/FreeShip/Themes/Default/icons/16/Cancel.png"
"/usr/share/FreeShip/Themes/Default/icons/16/EdgeCollapse.png"
"/usr/share/FreeShip/Themes/Default/icons/16/NewModel.png"
"/usr/share/FreeShip/Themes/Default/icons/make_freeship_menu_icon_sprite.sh"
"/usr/share/FreeShip/Themes/Default/icons/svg/UseLights.svg"
"/usr/share/FreeShip/Themes/Default/icons/svg/ShowWaterlines.svg"
"/usr/share/FreeShip/Themes/Default/icons/svg/RotateCCW1.svg"
"/usr/share/FreeShip/Themes/Default/icons/svg/EdgeCrease.svg"
"/usr/share/FreeShip/Themes/Default/icons/svg/ShowSubmergedArea.svg"
"/usr/share/FreeShip/Themes/Default/icons/svg/ShowGrid.svg"
"/usr/share/FreeShip/Themes/Default/icons/svg/ShowInteriorEdges.svg"
"/usr/share/FreeShip/Themes/Default/icons/svg/NewCurve.svg"
"/usr/share/FreeShip/Themes/Default/icons/svg/ShowControlCurves.svg"
"/usr/share/FreeShip/Themes/Default/icons/svg/00-freeship.svg"
"/usr/share/FreeShip/Themes/Default/icons/svg/CascadeWindow.svg"
"/usr/share/FreeShip/Themes/Default/icons/svg/ShowMarkers.svg"
"/usr/share/FreeShip/Themes/Default/icons/svg/Calculate.svg"
"/usr/share/FreeShip/Themes/Default/icons/svg/MoveUp.svg"
"/usr/share/FreeShip/Themes/Default/icons/svg/NewEdge.svg"
"/usr/share/FreeShip/Themes/Default/icons/svg/EdgeExtrude.svg"
"/usr/share/FreeShip/Themes/Default/icons/svg/Undo.svg"
"/usr/share/FreeShip/Themes/Default/icons/svg/ShowPartName.svg"
"/usr/share/FreeShip/Themes/Default/icons/svg/EdgeCollapse.svg"
"/usr/share/FreeShip/Themes/Default/icons/svg/ShowHydrostatics.svg"
"/usr/share/FreeShip/Themes/Default/icons/svg/PointCollapse.svg"
"/usr/share/FreeShip/Themes/Default/icons/svg/RotateCW90.svg"
"/usr/share/FreeShip/Themes/Default/icons/svg/DeleteAll.svg"
"/usr/share/FreeShip/Themes/Default/icons/svg/ShowFillColor.svg"
"/usr/share/FreeShip/Themes/Default/icons/svg/EdgeSplit.svg"
"/usr/share/FreeShip/Themes/Default/icons/svg/DeleteEmptyLayers.svg"
"/usr/share/FreeShip/Themes/Default/icons/svg/ShowControlNet.svg"
"/usr/share/FreeShip/Themes/Default/icons/svg/ShowDiagonals.svg"
"/usr/share/FreeShip/Themes/Default/icons/svg/ExportTextFile.svg"
"/usr/share/FreeShip/Themes/Default/icons/svg/PointsUnlock.svg"
"/usr/share/FreeShip/Themes/Default/icons/svg/RotateCCW5.svg"
"/usr/share/FreeShip/Themes/Default/icons/svg/LoadFile.svg"
"/usr/share/FreeShip/Themes/Default/icons/svg/ShowFlowlines.svg"
"/usr/share/FreeShip/Themes/Default/icons/svg/AddOne.svg"
"/usr/share/FreeShip/Themes/Default/icons/svg/LayerIntersection.svg"
"/usr/share/FreeShip/Themes/Default/icons/svg/Ok.svg"
"/usr/share/FreeShip/Themes/Default/icons/svg/FileSave.svg"
"/usr/share/FreeShip/Themes/Default/icons/svg/Cancel.svg"
"/usr/share/FreeShip/Themes/Default/icons/svg/MoveDown.odg"
"/usr/share/FreeShip/Themes/Default/icons/svg/FileSaveas.svg"
"/usr/share/FreeShip/Themes/Default/icons/svg/DeselectAll.svg"
"/usr/share/FreeShip/Themes/Default/icons/svg/ZoomOut.svg"
"/usr/share/FreeShip/Themes/Default/icons/svg/IntersectionDialog.svg"
"/usr/share/FreeShip/Themes/Default/icons/svg/ShowErrorEdges.svg"
"/usr/share/FreeShip/Themes/Default/icons/svg/NewFace.svg"
"/usr/share/FreeShip/Themes/Default/icons/svg/InvertFace.svg"
"/usr/share/FreeShip/Themes/Default/icons/svg/ShowMonochrome.svg"
"/usr/share/FreeShip/Themes/Default/icons/svg/PointsLock.svg"
"/usr/share/FreeShip/Themes/Default/icons/svg/Delete.svg"
"/usr/share/FreeShip/Themes/Default/icons/svg/ShowDimensions.svg"
"/usr/share/FreeShip/Themes/Default/icons/svg/KeelRudderWizard.svg"
"/usr/share/FreeShip/Themes/Default/icons/svg/ZoomIn.svg"
"/usr/share/FreeShip/Themes/Default/icons/svg/ShowButtocks.svg"
"/usr/share/FreeShip/Themes/Default/icons/svg/Showcurvature.svg"
"/usr/share/FreeShip/Themes/Default/icons/svg/RotateCW5.svg"
"/usr/share/FreeShip/Themes/Default/icons/svg/ShowLinesplan.svg"
"/usr/share/FreeShip/Themes/Default/icons/svg/InsertPlane.svg"
"/usr/share/FreeShip/Themes/Default/icons/svg/MoveDown.svg"
"/usr/share/FreeShip/Themes/Default/icons/svg/RotateCCW90.svg"
"/usr/share/FreeShip/Themes/Default/icons/svg/Print.svg"
"/usr/share/FreeShip/Themes/Default/icons/svg/BothSides.svg"
"/usr/share/FreeShip/Themes/Default/icons/svg/NewLayer.svg"
"/usr/share/FreeShip/Themes/Default/icons/svg/Ok.odg"
"/usr/share/FreeShip/Themes/Default/icons/svg/ZoomExtents.svg"
"/usr/share/FreeShip/Themes/Default/icons/svg/ActiveLayerColor.svg"
"/usr/share/FreeShip/Themes/Default/icons/svg/ExportDXF.svg"
"/usr/share/FreeShip/Themes/Default/icons/svg/NewWindow.svg"
"/usr/share/FreeShip/Themes/Default/icons/svg/LayerAutoGroup.svg"
"/usr/share/FreeShip/Themes/Default/icons/svg/ShowNormals.svg"
"/usr/share/FreeShip/Themes/Default/icons/svg/ExitProgram.svg"
"/usr/share/FreeShip/Themes/Default/icons/svg/DeleteMarkers.svg"
"/usr/share/FreeShip/Themes/Default/icons/svg/TileWindow.svg"
"/usr/share/FreeShip/Themes/Default/icons/svg/NewModel.svg"
"/usr/share/FreeShip/Themes/Default/icons/svg/PointAlign.svg"
"/usr/share/FreeShip/Themes/Default/icons/svg/SaveBitmap.svg"
"/usr/share/FreeShip/Themes/Default/icons/svg/MirrorPlanView.svg"
"/usr/share/FreeShip/Themes/Default/icons/svg/PointsUnlockAll.svg"
"/usr/share/FreeShip/Themes/Default/icons/svg/MoveUp.odg"
"/usr/share/FreeShip/Themes/Default/icons/svg/AddRange.svg"
"/usr/share/FreeShip/Themes/Default/icons/svg/Redo.svg"
"/usr/share/FreeShip/Themes/Default/icons/svg/ShowStations.svg"
"/usr/share/FreeShip/Themes/Default/icons/svg/CloseDialog.svg"
"/usr/share/FreeShip/Themes/Default/icons/svg/RotateCW1.svg"
"/usr/share/FreeShip/Themes/Default/icons/svg/LayerDialog.svg"
"/usr/share/FreeShip/Themes/Default/icons/96/Select.png"
"/usr/share/FreeShip/Themes/Default/icons/96/Deselect.png"
"/usr/share/FreeShip/Themes/Default/icons/96/Redo.png"
"/usr/share/FreeShip/Themes/Default/icons/96/MoveUp.png"
"/usr/share/FreeShip/Themes/Default/icons/96/icon-sprite-96.png"
"/usr/share/FreeShip/Themes/Default/icons/96/MoveDown.png"
"/usr/share/FreeShip/Themes/Default/icons/96/Undo.png"
"/usr/share/FreeShip/Themes/Default/icons/48/ShowDiagonals.png"
"/usr/share/FreeShip/Themes/Default/icons/48/NewWindow.png"
"/usr/share/FreeShip/Themes/Default/icons/48/ShowControlNet.png"
"/usr/share/FreeShip/Themes/Default/icons/48/AddRange.png"
"/usr/share/FreeShip/Themes/Default/icons/48/Select.png"
"/usr/share/FreeShip/Themes/Default/icons/48/ShowLinesplan.png"
"/usr/share/FreeShip/Themes/Default/icons/48/NewCurve.png"
"/usr/share/FreeShip/Themes/Default/icons/48/PointsLock.png"
"/usr/share/FreeShip/Themes/Default/icons/48/DeselectAll.png"
"/usr/share/FreeShip/Themes/Default/icons/48/LoadFile.png"
"/usr/share/FreeShip/Themes/Default/icons/48/ShowNormals.png"
"/usr/share/FreeShip/Themes/Default/icons/48/icon-sprite-48.png"
"/usr/share/FreeShip/Themes/Default/icons/48/MirrorPlanView.png"
"/usr/share/FreeShip/Themes/Default/icons/48/ShowWaterlines.png"
"/usr/share/FreeShip/Themes/Default/icons/48/ShowControlCurves.png"
"/usr/share/FreeShip/Themes/Default/icons/48/NewEdge.png"
"/usr/share/FreeShip/Themes/Default/icons/48/ExportTextFile.png"
"/usr/share/FreeShip/Themes/Default/icons/48/RotateCW5.png"
"/usr/share/FreeShip/Themes/Default/icons/48/CloseDialog.png"
"/usr/share/FreeShip/Themes/Default/icons/48/00-freeship.png"
"/usr/share/FreeShip/Themes/Default/icons/48/InsertPlane.png"
"/usr/share/FreeShip/Themes/Default/icons/48/PointsUnlockAll.png"
"/usr/share/FreeShip/Themes/Default/icons/48/ShowHydrostatics.png"
"/usr/share/FreeShip/Themes/Default/icons/48/Calculate.png"
"/usr/share/FreeShip/Themes/Default/icons/48/ActiveLayerColor.png"
"/usr/share/FreeShip/Themes/Default/icons/48/LayerIntersection.png"
"/usr/share/FreeShip/Themes/Default/icons/48/ShowFlowlines.png"
"/usr/share/FreeShip/Themes/Default/icons/48/CascadeWindow.png"
"/usr/share/FreeShip/Themes/Default/icons/48/ShowMonochrome.png"
"/usr/share/FreeShip/Themes/Default/icons/48/ExitProgram.png"
"/usr/share/FreeShip/Themes/Default/icons/48/IntersectionDialog.png"
"/usr/share/FreeShip/Themes/Default/icons/48/KeelRudderWizard.png"
"/usr/share/FreeShip/Themes/Default/icons/48/ShowButtocks.png"
"/usr/share/FreeShip/Themes/Default/icons/48/LayerAutoGroup.png"
"/usr/share/FreeShip/Themes/Default/icons/48/ExportDXF.png"
"/usr/share/FreeShip/Themes/Default/icons/48/Print.png"
"/usr/share/FreeShip/Themes/Default/icons/48/ShowFillColor.png"
"/usr/share/FreeShip/Themes/Default/icons/48/ZoomExtents.png"
"/usr/share/FreeShip/Themes/Default/icons/48/DeleteAll.png"
"/usr/share/FreeShip/Themes/Default/icons/48/RotateCCW1.png"
"/usr/share/FreeShip/Themes/Default/icons/48/DeleteMarkers.png"
"/usr/share/FreeShip/Themes/Default/icons/48/TileWindow.png"
"/usr/share/FreeShip/Themes/Default/icons/48/Deselect.png"
"/usr/share/FreeShip/Themes/Default/icons/48/NewFace.png"
"/usr/share/FreeShip/Themes/Default/icons/48/EdgeSplit.png"
"/usr/share/FreeShip/Themes/Default/icons/48/BothSides.png"
"/usr/share/FreeShip/Themes/Default/icons/48/FileSave.png"
"/usr/share/FreeShip/Themes/Default/icons/48/EdgeExtrude.png"
"/usr/share/FreeShip/Themes/Default/icons/48/ShowSubmergedArea.png"
"/usr/share/FreeShip/Themes/Default/icons/48/RotateCW1.png"
"/usr/share/FreeShip/Themes/Default/icons/48/PointAlign.png"
"/usr/share/FreeShip/Themes/Default/icons/48/RotateCW90.png"
"/usr/share/FreeShip/Themes/Default/icons/48/FileSaveas.png"
"/usr/share/FreeShip/Themes/Default/icons/48/ShowPartName.png"
"/usr/share/FreeShip/Themes/Default/icons/48/PointCollapse.png"
"/usr/share/FreeShip/Themes/Default/icons/48/Redo.png"
"/usr/share/FreeShip/Themes/Default/icons/48/ShowStations.png"
"/usr/share/FreeShip/Themes/Default/icons/48/AddOne.png"
"/usr/share/FreeShip/Themes/Default/icons/48/LayerDialog.png"
"/usr/share/FreeShip/Themes/Default/icons/48/ShowInteriorEdges.png"
"/usr/share/FreeShip/Themes/Default/icons/48/MoveUp.png"
"/usr/share/FreeShip/Themes/Default/icons/48/ShowDimensions.png"
"/usr/share/FreeShip/Themes/Default/icons/48/UseLights.png"
"/usr/share/FreeShip/Themes/Default/icons/48/InvertFace.png"
"/usr/share/FreeShip/Themes/Default/icons/48/EdgeCrease.png"
"/usr/share/FreeShip/Themes/Default/icons/48/ZoomIn.png"
"/usr/share/FreeShip/Themes/Default/icons/48/ShowGrid.png"
"/usr/share/FreeShip/Themes/Default/icons/48/Delete.png"
"/usr/share/FreeShip/Themes/Default/icons/48/PointsUnlock.png"
"/usr/share/FreeShip/Themes/Default/icons/48/NewLayer.png"
"/usr/share/FreeShip/Themes/Default/icons/48/Ok.png"
"/usr/share/FreeShip/Themes/Default/icons/48/Showcurvature.png"
"/usr/share/FreeShip/Themes/Default/icons/48/ZoomOut.png"
"/usr/share/FreeShip/Themes/Default/icons/48/MoveDown.png"
"/usr/share/FreeShip/Themes/Default/icons/48/ShowErrorEdges.png"
"/usr/share/FreeShip/Themes/Default/icons/48/ShowMarkers.png"
"/usr/share/FreeShip/Themes/Default/icons/48/RotateCCW5.png"
"/usr/share/FreeShip/Themes/Default/icons/48/RotateCCW90.png"
"/usr/share/FreeShip/Themes/Default/icons/48/Undo.png"
"/usr/share/FreeShip/Themes/Default/icons/48/SaveBitmap.png"
"/usr/share/FreeShip/Themes/Default/icons/48/DeleteEmptyLayers.png"
"/usr/share/FreeShip/Themes/Default/icons/48/Cancel.png"
"/usr/share/FreeShip/Themes/Default/icons/48/EdgeCollapse.png"
"/usr/share/FreeShip/Themes/Default/icons/48/NewModel.png"
"/usr/share/FreeShip/Themes/Default/icons/32/ShowDiagonals.png"
"/usr/share/FreeShip/Themes/Default/icons/32/NewWindow.png"
"/usr/share/FreeShip/Themes/Default/icons/32/ShowControlNet.png"
"/usr/share/FreeShip/Themes/Default/icons/32/AddRange.png"
"/usr/share/FreeShip/Themes/Default/icons/32/Select.png"
"/usr/share/FreeShip/Themes/Default/icons/32/ShowLinesplan.png"
"/usr/share/FreeShip/Themes/Default/icons/32/NewCurve.png"
"/usr/share/FreeShip/Themes/Default/icons/32/PointsLock.png"
"/usr/share/FreeShip/Themes/Default/icons/32/DeselectAll.png"
"/usr/share/FreeShip/Themes/Default/icons/32/LoadFile.png"
"/usr/share/FreeShip/Themes/Default/icons/32/ShowNormals.png"
"/usr/share/FreeShip/Themes/Default/icons/32/MirrorPlanView.png"
"/usr/share/FreeShip/Themes/Default/icons/32/ShowWaterlines.png"
"/usr/share/FreeShip/Themes/Default/icons/32/ShowControlCurves.png"
"/usr/share/FreeShip/Themes/Default/icons/32/NewEdge.png"
"/usr/share/FreeShip/Themes/Default/icons/32/ExportTextFile.png"
"/usr/share/FreeShip/Themes/Default/icons/32/icon-sprite-32.png"
"/usr/share/FreeShip/Themes/Default/icons/32/RotateCW5.png"
"/usr/share/FreeShip/Themes/Default/icons/32/CloseDialog.png"
"/usr/share/FreeShip/Themes/Default/icons/32/00-freeship.png"
"/usr/share/FreeShip/Themes/Default/icons/32/InsertPlane.png"
"/usr/share/FreeShip/Themes/Default/icons/32/PointsUnlockAll.png"
"/usr/share/FreeShip/Themes/Default/icons/32/ShowHydrostatics.png"
"/usr/share/FreeShip/Themes/Default/icons/32/Calculate.png"
"/usr/share/FreeShip/Themes/Default/icons/32/ActiveLayerColor.png"
"/usr/share/FreeShip/Themes/Default/icons/32/LayerIntersection.png"
"/usr/share/FreeShip/Themes/Default/icons/32/ShowFlowlines.png"
"/usr/share/FreeShip/Themes/Default/icons/32/CascadeWindow.png"
"/usr/share/FreeShip/Themes/Default/icons/32/ShowMonochrome.png"
"/usr/share/FreeShip/Themes/Default/icons/32/ExitProgram.png"
"/usr/share/FreeShip/Themes/Default/icons/32/IntersectionDialog.png"
"/usr/share/FreeShip/Themes/Default/icons/32/KeelRudderWizard.png"
"/usr/share/FreeShip/Themes/Default/icons/32/ShowButtocks.png"
"/usr/share/FreeShip/Themes/Default/icons/32/LayerAutoGroup.png"
"/usr/share/FreeShip/Themes/Default/icons/32/ExportDXF.png"
"/usr/share/FreeShip/Themes/Default/icons/32/Print.png"
"/usr/share/FreeShip/Themes/Default/icons/32/ShowFillColor.png"
"/usr/share/FreeShip/Themes/Default/icons/32/ZoomExtents.png"
"/usr/share/FreeShip/Themes/Default/icons/32/DeleteAll.png"
"/usr/share/FreeShip/Themes/Default/icons/32/RotateCCW1.png"
"/usr/share/FreeShip/Themes/Default/icons/32/DeleteMarkers.png"
"/usr/share/FreeShip/Themes/Default/icons/32/TileWindow.png"
"/usr/share/FreeShip/Themes/Default/icons/32/Deselect.png"
"/usr/share/FreeShip/Themes/Default/icons/32/NewFace.png"
"/usr/share/FreeShip/Themes/Default/icons/32/EdgeSplit.png"
"/usr/share/FreeShip/Themes/Default/icons/32/BothSides.png"
"/usr/share/FreeShip/Themes/Default/icons/32/FileSave.png"
"/usr/share/FreeShip/Themes/Default/icons/32/EdgeExtrude.png"
"/usr/share/FreeShip/Themes/Default/icons/32/ShowSubmergedArea.png"
"/usr/share/FreeShip/Themes/Default/icons/32/RotateCW1.png"
"/usr/share/FreeShip/Themes/Default/icons/32/PointAlign.png"
"/usr/share/FreeShip/Themes/Default/icons/32/RotateCW90.png"
"/usr/share/FreeShip/Themes/Default/icons/32/FileSaveas.png"
"/usr/share/FreeShip/Themes/Default/icons/32/ShowPartName.png"
"/usr/share/FreeShip/Themes/Default/icons/32/PointCollapse.png"
"/usr/share/FreeShip/Themes/Default/icons/32/Redo.png"
"/usr/share/FreeShip/Themes/Default/icons/32/ShowStations.png"
"/usr/share/FreeShip/Themes/Default/icons/32/AddOne.png"
"/usr/share/FreeShip/Themes/Default/icons/32/LayerDialog.png"
"/usr/share/FreeShip/Themes/Default/icons/32/ShowInteriorEdges.png"
"/usr/share/FreeShip/Themes/Default/icons/32/MoveUp.png"
"/usr/share/FreeShip/Themes/Default/icons/32/ShowDimensions.png"
"/usr/share/FreeShip/Themes/Default/icons/32/UseLights.png"
"/usr/share/FreeShip/Themes/Default/icons/32/InvertFace.png"
"/usr/share/FreeShip/Themes/Default/icons/32/EdgeCrease.png"
"/usr/share/FreeShip/Themes/Default/icons/32/ZoomIn.png"
"/usr/share/FreeShip/Themes/Default/icons/32/ShowGrid.png"
"/usr/share/FreeShip/Themes/Default/icons/32/Delete.png"
"/usr/share/FreeShip/Themes/Default/icons/32/PointsUnlock.png"
"/usr/share/FreeShip/Themes/Default/icons/32/NewLayer.png"
"/usr/share/FreeShip/Themes/Default/icons/32/Ok.png"
"/usr/share/FreeShip/Themes/Default/icons/32/Showcurvature.png"
"/usr/share/FreeShip/Themes/Default/icons/32/ZoomOut.png"
"/usr/share/FreeShip/Themes/Default/icons/32/MoveDown.png"
"/usr/share/FreeShip/Themes/Default/icons/32/ShowErrorEdges.png"
"/usr/share/FreeShip/Themes/Default/icons/32/ShowMarkers.png"
"/usr/share/FreeShip/Themes/Default/icons/32/RotateCCW5.png"
"/usr/share/FreeShip/Themes/Default/icons/32/RotateCCW90.png"
"/usr/share/FreeShip/Themes/Default/icons/32/Undo.png"
"/usr/share/FreeShip/Themes/Default/icons/32/SaveBitmap.png"
"/usr/share/FreeShip/Themes/Default/icons/32/DeleteEmptyLayers.png"
"/usr/share/FreeShip/Themes/Default/icons/32/Cancel.png"
"/usr/share/FreeShip/Themes/Default/icons/32/EdgeCollapse.png"
"/usr/share/FreeShip/Themes/Default/icons/32/NewModel.png"
"/usr/share/FreeShip/Themes/Default/icons/24/ShowDiagonals.png"
"/usr/share/FreeShip/Themes/Default/icons/24/NewWindow.png"
"/usr/share/FreeShip/Themes/Default/icons/24/ShowControlNet.png"
"/usr/share/FreeShip/Themes/Default/icons/24/AddRange.png"
"/usr/share/FreeShip/Themes/Default/icons/24/Select.png"
"/usr/share/FreeShip/Themes/Default/icons/24/ShowLinesplan.png"
"/usr/share/FreeShip/Themes/Default/icons/24/NewCurve.png"
"/usr/share/FreeShip/Themes/Default/icons/24/PointsLock.png"
"/usr/share/FreeShip/Themes/Default/icons/24/DeselectAll.png"
"/usr/share/FreeShip/Themes/Default/icons/24/LoadFile.png"
"/usr/share/FreeShip/Themes/Default/icons/24/ShowNormals.png"
"/usr/share/FreeShip/Themes/Default/icons/24/MirrorPlanView.png"
"/usr/share/FreeShip/Themes/Default/icons/24/ShowWaterlines.png"
"/usr/share/FreeShip/Themes/Default/icons/24/ShowControlCurves.png"
"/usr/share/FreeShip/Themes/Default/icons/24/NewEdge.png"
"/usr/share/FreeShip/Themes/Default/icons/24/ExportTextFile.png"
"/usr/share/FreeShip/Themes/Default/icons/24/RotateCW5.png"
"/usr/share/FreeShip/Themes/Default/icons/24/CloseDialog.png"
"/usr/share/FreeShip/Themes/Default/icons/24/00-freeship.png"
"/usr/share/FreeShip/Themes/Default/icons/24/InsertPlane.png"
"/usr/share/FreeShip/Themes/Default/icons/24/PointsUnlockAll.png"
"/usr/share/FreeShip/Themes/Default/icons/24/ShowHydrostatics.png"
"/usr/share/FreeShip/Themes/Default/icons/24/Calculate.png"
"/usr/share/FreeShip/Themes/Default/icons/24/ActiveLayerColor.png"
"/usr/share/FreeShip/Themes/Default/icons/24/LayerIntersection.png"
"/usr/share/FreeShip/Themes/Default/icons/24/ShowFlowlines.png"
"/usr/share/FreeShip/Themes/Default/icons/24/CascadeWindow.png"
"/usr/share/FreeShip/Themes/Default/icons/24/ShowMonochrome.png"
"/usr/share/FreeShip/Themes/Default/icons/24/ExitProgram.png"
"/usr/share/FreeShip/Themes/Default/icons/24/IntersectionDialog.png"
"/usr/share/FreeShip/Themes/Default/icons/24/KeelRudderWizard.png"
"/usr/share/FreeShip/Themes/Default/icons/24/ShowButtocks.png"
"/usr/share/FreeShip/Themes/Default/icons/24/LayerAutoGroup.png"
"/usr/share/FreeShip/Themes/Default/icons/24/ExportDXF.png"
"/usr/share/FreeShip/Themes/Default/icons/24/Print.png"
"/usr/share/FreeShip/Themes/Default/icons/24/ShowFillColor.png"
"/usr/share/FreeShip/Themes/Default/icons/24/ZoomExtents.png"
"/usr/share/FreeShip/Themes/Default/icons/24/DeleteAll.png"
"/usr/share/FreeShip/Themes/Default/icons/24/RotateCCW1.png"
"/usr/share/FreeShip/Themes/Default/icons/24/DeleteMarkers.png"
"/usr/share/FreeShip/Themes/Default/icons/24/TileWindow.png"
"/usr/share/FreeShip/Themes/Default/icons/24/Deselect.png"
"/usr/share/FreeShip/Themes/Default/icons/24/NewFace.png"
"/usr/share/FreeShip/Themes/Default/icons/24/EdgeSplit.png"
"/usr/share/FreeShip/Themes/Default/icons/24/BothSides.png"
"/usr/share/FreeShip/Themes/Default/icons/24/FileSave.png"
"/usr/share/FreeShip/Themes/Default/icons/24/EdgeExtrude.png"
"/usr/share/FreeShip/Themes/Default/icons/24/ShowSubmergedArea.png"
"/usr/share/FreeShip/Themes/Default/icons/24/RotateCW1.png"
"/usr/share/FreeShip/Themes/Default/icons/24/PointAlign.png"
"/usr/share/FreeShip/Themes/Default/icons/24/RotateCW90.png"
"/usr/share/FreeShip/Themes/Default/icons/24/FileSaveas.png"
"/usr/share/FreeShip/Themes/Default/icons/24/ShowPartName.png"
"/usr/share/FreeShip/Themes/Default/icons/24/PointCollapse.png"
"/usr/share/FreeShip/Themes/Default/icons/24/Redo.png"
"/usr/share/FreeShip/Themes/Default/icons/24/ShowStations.png"
"/usr/share/FreeShip/Themes/Default/icons/24/AddOne.png"
"/usr/share/FreeShip/Themes/Default/icons/24/LayerDialog.png"
"/usr/share/FreeShip/Themes/Default/icons/24/ShowInteriorEdges.png"
"/usr/share/FreeShip/Themes/Default/icons/24/MoveUp.png"
"/usr/share/FreeShip/Themes/Default/icons/24/ShowDimensions.png"
"/usr/share/FreeShip/Themes/Default/icons/24/UseLights.png"
"/usr/share/FreeShip/Themes/Default/icons/24/InvertFace.png"
"/usr/share/FreeShip/Themes/Default/icons/24/EdgeCrease.png"
"/usr/share/FreeShip/Themes/Default/icons/24/.directory"
"/usr/share/FreeShip/Themes/Default/icons/24/ZoomIn.png"
"/usr/share/FreeShip/Themes/Default/icons/24/ShowGrid.png"
"/usr/share/FreeShip/Themes/Default/icons/24/Delete.png"
"/usr/share/FreeShip/Themes/Default/icons/24/PointsUnlock.png"
"/usr/share/FreeShip/Themes/Default/icons/24/NewLayer.png"
"/usr/share/FreeShip/Themes/Default/icons/24/Ok.png"
"/usr/share/FreeShip/Themes/Default/icons/24/Showcurvature.png"
"/usr/share/FreeShip/Themes/Default/icons/24/ZoomOut.png"
"/usr/share/FreeShip/Themes/Default/icons/24/MoveDown.png"
"/usr/share/FreeShip/Themes/Default/icons/24/ShowErrorEdges.png"
"/usr/share/FreeShip/Themes/Default/icons/24/ShowMarkers.png"
"/usr/share/FreeShip/Themes/Default/icons/24/RotateCCW5.png"
"/usr/share/FreeShip/Themes/Default/icons/24/RotateCCW90.png"
"/usr/share/FreeShip/Themes/Default/icons/24/Undo.png"
"/usr/share/FreeShip/Themes/Default/icons/24/SaveBitmap.png"
"/usr/share/FreeShip/Themes/Default/icons/24/icon-sprite-24.png"
"/usr/share/FreeShip/Themes/Default/icons/24/DeleteEmptyLayers.png"
"/usr/share/FreeShip/Themes/Default/icons/24/Cancel.png"
"/usr/share/FreeShip/Themes/Default/icons/24/EdgeCollapse.png"
"/usr/share/FreeShip/Themes/Default/icons/24/NewModel.png"
"/usr/share/FreeShip/Themes/Default/icons/64/ShowDiagonals.png"
"/usr/share/FreeShip/Themes/Default/icons/64/NewWindow.png"
"/usr/share/FreeShip/Themes/Default/icons/64/ShowControlNet.png"
"/usr/share/FreeShip/Themes/Default/icons/64/AddRange.png"
"/usr/share/FreeShip/Themes/Default/icons/64/Select.png"
"/usr/share/FreeShip/Themes/Default/icons/64/ShowLinesplan.png"
"/usr/share/FreeShip/Themes/Default/icons/64/NewCurve.png"
"/usr/share/FreeShip/Themes/Default/icons/64/PointsLock.png"
"/usr/share/FreeShip/Themes/Default/icons/64/DeselectAll.png"
"/usr/share/FreeShip/Themes/Default/icons/64/LoadFile.png"
"/usr/share/FreeShip/Themes/Default/icons/64/ShowNormals.png"
"/usr/share/FreeShip/Themes/Default/icons/64/MirrorPlanView.png"
"/usr/share/FreeShip/Themes/Default/icons/64/ShowWaterlines.png"
"/usr/share/FreeShip/Themes/Default/icons/64/ShowControlCurves.png"
"/usr/share/FreeShip/Themes/Default/icons/64/NewEdge.png"
"/usr/share/FreeShip/Themes/Default/icons/64/ExportTextFile.png"
"/usr/share/FreeShip/Themes/Default/icons/64/RotateCW5.png"
"/usr/share/FreeShip/Themes/Default/icons/64/CloseDialog.png"
"/usr/share/FreeShip/Themes/Default/icons/64/00-freeship.png"
"/usr/share/FreeShip/Themes/Default/icons/64/InsertPlane.png"
"/usr/share/FreeShip/Themes/Default/icons/64/PointsUnlockAll.png"
"/usr/share/FreeShip/Themes/Default/icons/64/ShowHydrostatics.png"
"/usr/share/FreeShip/Themes/Default/icons/64/Calculate.png"
"/usr/share/FreeShip/Themes/Default/icons/64/ActiveLayerColor.png"
"/usr/share/FreeShip/Themes/Default/icons/64/LayerIntersection.png"
"/usr/share/FreeShip/Themes/Default/icons/64/ShowFlowlines.png"
"/usr/share/FreeShip/Themes/Default/icons/64/CascadeWindow.png"
"/usr/share/FreeShip/Themes/Default/icons/64/ShowMonochrome.png"
"/usr/share/FreeShip/Themes/Default/icons/64/ExitProgram.png"
"/usr/share/FreeShip/Themes/Default/icons/64/IntersectionDialog.png"
"/usr/share/FreeShip/Themes/Default/icons/64/KeelRudderWizard.png"
"/usr/share/FreeShip/Themes/Default/icons/64/ShowButtocks.png"
"/usr/share/FreeShip/Themes/Default/icons/64/LayerAutoGroup.png"
"/usr/share/FreeShip/Themes/Default/icons/64/ExportDXF.png"
"/usr/share/FreeShip/Themes/Default/icons/64/Print.png"
"/usr/share/FreeShip/Themes/Default/icons/64/ShowFillColor.png"
"/usr/share/FreeShip/Themes/Default/icons/64/ZoomExtents.png"
"/usr/share/FreeShip/Themes/Default/icons/64/DeleteAll.png"
"/usr/share/FreeShip/Themes/Default/icons/64/RotateCCW1.png"
"/usr/share/FreeShip/Themes/Default/icons/64/DeleteMarkers.png"
"/usr/share/FreeShip/Themes/Default/icons/64/TileWindow.png"
"/usr/share/FreeShip/Themes/Default/icons/64/Deselect.png"
"/usr/share/FreeShip/Themes/Default/icons/64/NewFace.png"
"/usr/share/FreeShip/Themes/Default/icons/64/EdgeSplit.png"
"/usr/share/FreeShip/Themes/Default/icons/64/BothSides.png"
"/usr/share/FreeShip/Themes/Default/icons/64/FileSave.png"
"/usr/share/FreeShip/Themes/Default/icons/64/EdgeExtrude.png"
"/usr/share/FreeShip/Themes/Default/icons/64/ShowSubmergedArea.png"
"/usr/share/FreeShip/Themes/Default/icons/64/RotateCW1.png"
"/usr/share/FreeShip/Themes/Default/icons/64/PointAlign.png"
"/usr/share/FreeShip/Themes/Default/icons/64/RotateCW90.png"
"/usr/share/FreeShip/Themes/Default/icons/64/FileSaveas.png"
"/usr/share/FreeShip/Themes/Default/icons/64/ShowPartName.png"
"/usr/share/FreeShip/Themes/Default/icons/64/PointCollapse.png"
"/usr/share/FreeShip/Themes/Default/icons/64/Redo.png"
"/usr/share/FreeShip/Themes/Default/icons/64/ShowStations.png"
"/usr/share/FreeShip/Themes/Default/icons/64/AddOne.png"
"/usr/share/FreeShip/Themes/Default/icons/64/LayerDialog.png"
"/usr/share/FreeShip/Themes/Default/icons/64/ShowInteriorEdges.png"
"/usr/share/FreeShip/Themes/Default/icons/64/MoveUp.png"
"/usr/share/FreeShip/Themes/Default/icons/64/ShowDimensions.png"
"/usr/share/FreeShip/Themes/Default/icons/64/UseLights.png"
"/usr/share/FreeShip/Themes/Default/icons/64/InvertFace.png"
"/usr/share/FreeShip/Themes/Default/icons/64/EdgeCrease.png"
"/usr/share/FreeShip/Themes/Default/icons/64/ZoomIn.png"
"/usr/share/FreeShip/Themes/Default/icons/64/ShowGrid.png"
"/usr/share/FreeShip/Themes/Default/icons/64/Delete.png"
"/usr/share/FreeShip/Themes/Default/icons/64/PointsUnlock.png"
"/usr/share/FreeShip/Themes/Default/icons/64/NewLayer.png"
"/usr/share/FreeShip/Themes/Default/icons/64/Ok.png"
"/usr/share/FreeShip/Themes/Default/icons/64/Showcurvature.png"
"/usr/share/FreeShip/Themes/Default/icons/64/ZoomOut.png"
"/usr/share/FreeShip/Themes/Default/icons/64/MoveDown.png"
"/usr/share/FreeShip/Themes/Default/icons/64/icon-sprite-64.png"
"/usr/share/FreeShip/Themes/Default/icons/64/ShowErrorEdges.png"
"/usr/share/FreeShip/Themes/Default/icons/64/ShowMarkers.png"
"/usr/share/FreeShip/Themes/Default/icons/64/RotateCCW5.png"
"/usr/share/FreeShip/Themes/Default/icons/64/RotateCCW90.png"
"/usr/share/FreeShip/Themes/Default/icons/64/Undo.png"
"/usr/share/FreeShip/Themes/Default/icons/64/SaveBitmap.png"
"/usr/share/FreeShip/Themes/Default/icons/64/DeleteEmptyLayers.png"
"/usr/share/FreeShip/Themes/Default/icons/64/Cancel.png"
"/usr/share/FreeShip/Themes/Default/icons/64/EdgeCollapse.png"
"/usr/share/FreeShip/Themes/Default/icons/64/NewModel.png"
"/usr/share/FreeShip/Themes/Default/icons/128/ShowDiagonals.png"
"/usr/share/FreeShip/Themes/Default/icons/128/NewWindow.png"
"/usr/share/FreeShip/Themes/Default/icons/128/ShowControlNet.png"
"/usr/share/FreeShip/Themes/Default/icons/128/AddRange.png"
"/usr/share/FreeShip/Themes/Default/icons/128/Select.png"
"/usr/share/FreeShip/Themes/Default/icons/128/ShowLinesplan.png"
"/usr/share/FreeShip/Themes/Default/icons/128/NewCurve.png"
"/usr/share/FreeShip/Themes/Default/icons/128/PointsLock.png"
"/usr/share/FreeShip/Themes/Default/icons/128/DeselectAll.png"
"/usr/share/FreeShip/Themes/Default/icons/128/LoadFile.png"
"/usr/share/FreeShip/Themes/Default/icons/128/ShowNormals.png"
"/usr/share/FreeShip/Themes/Default/icons/128/MirrorPlanView.png"
"/usr/share/FreeShip/Themes/Default/icons/128/ShowWaterlines.png"
"/usr/share/FreeShip/Themes/Default/icons/128/ShowControlCurves.png"
"/usr/share/FreeShip/Themes/Default/icons/128/NewEdge.png"
"/usr/share/FreeShip/Themes/Default/icons/128/ExportTextFile.png"
"/usr/share/FreeShip/Themes/Default/icons/128/RotateCW5.png"
"/usr/share/FreeShip/Themes/Default/icons/128/CloseDialog.png"
"/usr/share/FreeShip/Themes/Default/icons/128/icon-sprite-128.png"
"/usr/share/FreeShip/Themes/Default/icons/128/00-freeship.png"
"/usr/share/FreeShip/Themes/Default/icons/128/InsertPlane.png"
"/usr/share/FreeShip/Themes/Default/icons/128/PointsUnlockAll.png"
"/usr/share/FreeShip/Themes/Default/icons/128/ShowHydrostatics.png"
"/usr/share/FreeShip/Themes/Default/icons/128/Calculate.png"
"/usr/share/FreeShip/Themes/Default/icons/128/ActiveLayerColor.png"
"/usr/share/FreeShip/Themes/Default/icons/128/LayerIntersection.png"
"/usr/share/FreeShip/Themes/Default/icons/128/ShowFlowlines.png"
"/usr/share/FreeShip/Themes/Default/icons/128/CascadeWindow.png"
"/usr/share/FreeShip/Themes/Default/icons/128/ShowMonochrome.png"
"/usr/share/FreeShip/Themes/Default/icons/128/ExitProgram.png"
"/usr/share/FreeShip/Themes/Default/icons/128/IntersectionDialog.png"
"/usr/share/FreeShip/Themes/Default/icons/128/KeelRudderWizard.png"
"/usr/share/FreeShip/Themes/Default/icons/128/ShowButtocks.png"
"/usr/share/FreeShip/Themes/Default/icons/128/LayerAutoGroup.png"
"/usr/share/FreeShip/Themes/Default/icons/128/ExportDXF.png"
"/usr/share/FreeShip/Themes/Default/icons/128/Print.png"
"/usr/share/FreeShip/Themes/Default/icons/128/ShowFillColor.png"
"/usr/share/FreeShip/Themes/Default/icons/128/ZoomExtents.png"
"/usr/share/FreeShip/Themes/Default/icons/128/DeleteAll.png"
"/usr/share/FreeShip/Themes/Default/icons/128/RotateCCW1.png"
"/usr/share/FreeShip/Themes/Default/icons/128/DeleteMarkers.png"
"/usr/share/FreeShip/Themes/Default/icons/128/TileWindow.png"
"/usr/share/FreeShip/Themes/Default/icons/128/Deselect.png"
"/usr/share/FreeShip/Themes/Default/icons/128/NewFace.png"
"/usr/share/FreeShip/Themes/Default/icons/128/EdgeSplit.png"
"/usr/share/FreeShip/Themes/Default/icons/128/BothSides.png"
"/usr/share/FreeShip/Themes/Default/icons/128/FileSave.png"
"/usr/share/FreeShip/Themes/Default/icons/128/EdgeExtrude.png"
"/usr/share/FreeShip/Themes/Default/icons/128/ShowSubmergedArea.png"
"/usr/share/FreeShip/Themes/Default/icons/128/RotateCW1.png"
"/usr/share/FreeShip/Themes/Default/icons/128/PointAlign.png"
"/usr/share/FreeShip/Themes/Default/icons/128/RotateCW90.png"
"/usr/share/FreeShip/Themes/Default/icons/128/FileSaveas.png"
"/usr/share/FreeShip/Themes/Default/icons/128/ShowPartName.png"
"/usr/share/FreeShip/Themes/Default/icons/128/PointCollapse.png"
"/usr/share/FreeShip/Themes/Default/icons/128/Redo.png"
"/usr/share/FreeShip/Themes/Default/icons/128/ShowStations.png"
"/usr/share/FreeShip/Themes/Default/icons/128/AddOne.png"
"/usr/share/FreeShip/Themes/Default/icons/128/LayerDialog.png"
"/usr/share/FreeShip/Themes/Default/icons/128/ShowInteriorEdges.png"
"/usr/share/FreeShip/Themes/Default/icons/128/MoveUp.png"
"/usr/share/FreeShip/Themes/Default/icons/128/ShowDimensions.png"
"/usr/share/FreeShip/Themes/Default/icons/128/UseLights.png"
"/usr/share/FreeShip/Themes/Default/icons/128/InvertFace.png"
"/usr/share/FreeShip/Themes/Default/icons/128/EdgeCrease.png"
"/usr/share/FreeShip/Themes/Default/icons/128/ZoomIn.png"
"/usr/share/FreeShip/Themes/Default/icons/128/ShowGrid.png"
"/usr/share/FreeShip/Themes/Default/icons/128/Delete.png"
"/usr/share/FreeShip/Themes/Default/icons/128/PointsUnlock.png"
"/usr/share/FreeShip/Themes/Default/icons/128/NewLayer.png"
"/usr/share/FreeShip/Themes/Default/icons/128/Ok.png"
"/usr/share/FreeShip/Themes/Default/icons/128/Showcurvature.png"
"/usr/share/FreeShip/Themes/Default/icons/128/ZoomOut.png"
"/usr/share/FreeShip/Themes/Default/icons/128/MoveDown.png"
"/usr/share/FreeShip/Themes/Default/icons/128/ShowErrorEdges.png"
"/usr/share/FreeShip/Themes/Default/icons/128/ShowMarkers.png"
"/usr/share/FreeShip/Themes/Default/icons/128/RotateCCW5.png"
"/usr/share/FreeShip/Themes/Default/icons/128/RotateCCW90.png"
"/usr/share/FreeShip/Themes/Default/icons/128/Undo.png"
"/usr/share/FreeShip/Themes/Default/icons/128/SaveBitmap.png"
"/usr/share/FreeShip/Themes/Default/icons/128/DeleteEmptyLayers.png"
"/usr/share/FreeShip/Themes/Default/icons/128/Cancel.png"
"/usr/share/FreeShip/Themes/Default/icons/128/EdgeCollapse.png"
"/usr/share/FreeShip/Themes/Default/icons/128/NewModel.png"
"/usr/share/FreeShip/Themes/Default/theme.ini"
"/usr/share/applications/freeship.desktop"
"/usr/share/menu/freeship/menu"
"/usr/share/doc/freeship/copyright"
"/usr/share/doc/freeship/changelog.gz"
"/usr/share/pixmaps/freeship.xpm"
"/usr/bin/FreeShip"
